Archive member included to satisfy reference by file (symbol)

/home/michal/.eclipse/com.st.stm32cube.ide.mcu.rcp.product_1.13.1_139062292_linux_gtk_x86_64/plugins/com.st.stm32cube.ide.mcu.externaltools.gnu-tools-for-stm32.11.3.rel1.linux64_1.1.1.202309131626/tools/bin/../lib/gcc/arm-none-eabi/11.3.1/../../../../arm-none-eabi/lib/thumb/v7e-m+fp/hard/libc_nano.a(libc_a-exit.o)
                              /home/michal/.eclipse/com.st.stm32cube.ide.mcu.rcp.product_1.13.1_139062292_linux_gtk_x86_64/plugins/com.st.stm32cube.ide.mcu.externaltools.gnu-tools-for-stm32.11.3.rel1.linux64_1.1.1.202309131626/tools/bin/../lib/gcc/arm-none-eabi/11.3.1/../../../../arm-none-eabi/lib/thumb/v7e-m+fp/hard/crt0.o (exit)
/home/michal/.eclipse/com.st.stm32cube.ide.mcu.rcp.product_1.13.1_139062292_linux_gtk_x86_64/plugins/com.st.stm32cube.ide.mcu.externaltools.gnu-tools-for-stm32.11.3.rel1.linux64_1.1.1.202309131626/tools/bin/../lib/gcc/arm-none-eabi/11.3.1/../../../../arm-none-eabi/lib/thumb/v7e-m+fp/hard/libc_nano.a(libc_a-findfp.o)
                              /home/michal/.eclipse/com.st.stm32cube.ide.mcu.rcp.product_1.13.1_139062292_linux_gtk_x86_64/plugins/com.st.stm32cube.ide.mcu.externaltools.gnu-tools-for-stm32.11.3.rel1.linux64_1.1.1.202309131626/tools/bin/../lib/gcc/arm-none-eabi/11.3.1/../../../../arm-none-eabi/lib/thumb/v7e-m+fp/hard/libc_nano.a(libc_a-exit.o) (__stdio_exit_handler)
/home/michal/.eclipse/com.st.stm32cube.ide.mcu.rcp.product_1.13.1_139062292_linux_gtk_x86_64/plugins/com.st.stm32cube.ide.mcu.externaltools.gnu-tools-for-stm32.11.3.rel1.linux64_1.1.1.202309131626/tools/bin/../lib/gcc/arm-none-eabi/11.3.1/../../../../arm-none-eabi/lib/thumb/v7e-m+fp/hard/libc_nano.a(libc_a-fwalk.o)
                              /home/michal/.eclipse/com.st.stm32cube.ide.mcu.rcp.product_1.13.1_139062292_linux_gtk_x86_64/plugins/com.st.stm32cube.ide.mcu.externaltools.gnu-tools-for-stm32.11.3.rel1.linux64_1.1.1.202309131626/tools/bin/../lib/gcc/arm-none-eabi/11.3.1/../../../../arm-none-eabi/lib/thumb/v7e-m+fp/hard/libc_nano.a(libc_a-findfp.o) (_fwalk_sglue)
/home/michal/.eclipse/com.st.stm32cube.ide.mcu.rcp.product_1.13.1_139062292_linux_gtk_x86_64/plugins/com.st.stm32cube.ide.mcu.externaltools.gnu-tools-for-stm32.11.3.rel1.linux64_1.1.1.202309131626/tools/bin/../lib/gcc/arm-none-eabi/11.3.1/../../../../arm-none-eabi/lib/thumb/v7e-m+fp/hard/libc_nano.a(libc_a-stdio.o)
                              /home/michal/.eclipse/com.st.stm32cube.ide.mcu.rcp.product_1.13.1_139062292_linux_gtk_x86_64/plugins/com.st.stm32cube.ide.mcu.externaltools.gnu-tools-for-stm32.11.3.rel1.linux64_1.1.1.202309131626/tools/bin/../lib/gcc/arm-none-eabi/11.3.1/../../../../arm-none-eabi/lib/thumb/v7e-m+fp/hard/libc_nano.a(libc_a-findfp.o) (__sread)
/home/michal/.eclipse/com.st.stm32cube.ide.mcu.rcp.product_1.13.1_139062292_linux_gtk_x86_64/plugins/com.st.stm32cube.ide.mcu.externaltools.gnu-tools-for-stm32.11.3.rel1.linux64_1.1.1.202309131626/tools/bin/../lib/gcc/arm-none-eabi/11.3.1/../../../../arm-none-eabi/lib/thumb/v7e-m+fp/hard/libc_nano.a(libc_a-memset.o)
                              /home/michal/.eclipse/com.st.stm32cube.ide.mcu.rcp.product_1.13.1_139062292_linux_gtk_x86_64/plugins/com.st.stm32cube.ide.mcu.externaltools.gnu-tools-for-stm32.11.3.rel1.linux64_1.1.1.202309131626/tools/bin/../lib/gcc/arm-none-eabi/11.3.1/../../../../arm-none-eabi/lib/thumb/v7e-m+fp/hard/crt0.o (memset)
/home/michal/.eclipse/com.st.stm32cube.ide.mcu.rcp.product_1.13.1_139062292_linux_gtk_x86_64/plugins/com.st.stm32cube.ide.mcu.externaltools.gnu-tools-for-stm32.11.3.rel1.linux64_1.1.1.202309131626/tools/bin/../lib/gcc/arm-none-eabi/11.3.1/../../../../arm-none-eabi/lib/thumb/v7e-m+fp/hard/libc_nano.a(libc_a-closer.o)
                              /home/michal/.eclipse/com.st.stm32cube.ide.mcu.rcp.product_1.13.1_139062292_linux_gtk_x86_64/plugins/com.st.stm32cube.ide.mcu.externaltools.gnu-tools-for-stm32.11.3.rel1.linux64_1.1.1.202309131626/tools/bin/../lib/gcc/arm-none-eabi/11.3.1/../../../../arm-none-eabi/lib/thumb/v7e-m+fp/hard/libc_nano.a(libc_a-stdio.o) (_close_r)
/home/michal/.eclipse/com.st.stm32cube.ide.mcu.rcp.product_1.13.1_139062292_linux_gtk_x86_64/plugins/com.st.stm32cube.ide.mcu.externaltools.gnu-tools-for-stm32.11.3.rel1.linux64_1.1.1.202309131626/tools/bin/../lib/gcc/arm-none-eabi/11.3.1/../../../../arm-none-eabi/lib/thumb/v7e-m+fp/hard/libc_nano.a(libc_a-reent.o)
                              /home/michal/.eclipse/com.st.stm32cube.ide.mcu.rcp.product_1.13.1_139062292_linux_gtk_x86_64/plugins/com.st.stm32cube.ide.mcu.externaltools.gnu-tools-for-stm32.11.3.rel1.linux64_1.1.1.202309131626/tools/bin/../lib/gcc/arm-none-eabi/11.3.1/../../../../arm-none-eabi/lib/thumb/v7e-m+fp/hard/libc_nano.a(libc_a-closer.o) (errno)
[...]
Memory Configuration

Name             Origin             Length             Attributes
CCMRAM           0x0000000010000000 0x0000000000010000 xrw
RAM              0x0000000020000000 0x0000000000020000 xrw
FLASH            0x0000000008000000 0x0000000000100000 xr
*default*        0x0000000000000000 0xffffffffffffffff

Linker script and memory map

LOAD /home/michal/.eclipse/com.st.stm32cube.ide.mcu.rcp.product_1.13.1_139062292_linux_gtk_x86_64/plugins/com.st.stm32cube.ide.mcu.externaltools.gnu-tools-for-stm32.11.3.rel1.linux64_1.1.1.202309131626/tools/bin/../lib/gcc/arm-none-eabi/11.3.1/thumb/v7e-m+fp/hard/crti.o
LOAD /home/michal/.eclipse/com.st.stm32cube.ide.mcu.rcp.product_1.13.1_139062292_linux_gtk_x86_64/plugins/com.st.stm32cube.ide.mcu.externaltools.gnu-tools-for-stm32.11.3.rel1.linux64_1.1.1.202309131626/tools/bin/../lib/gcc/arm-none-eabi/11.3.1/thumb/v7e-m+fp/hard/crtbegin.o
LOAD /home/michal/.eclipse/com.st.stm32cube.ide.mcu.rcp.product_1.13.1_139062292_linux_gtk_x86_64/plugins/com.st.stm32cube.ide.mcu.externaltools.gnu-tools-for-stm32.11.3.rel1.linux64_1.1.1.202309131626/tools/bin/../lib/gcc/arm-none-eabi/11.3.1/../../../../arm-none-eabi/lib/thumb/v7e-m+fp/hard/crt0.o
LOAD ./Core/Src/gpio.o
LOAD ./Core/Src/ili9341.o
LOAD ./Core/Src/main.o
LOAD ./Core/Src/spi.o
LOAD ./Core/Src/stm32f4xx_hal_msp.o
LOAD ./Core/Src/stm32f4xx_it.o
LOAD ./Core/Src/syscalls.o
LOAD ./Core/Src/sysmem.o
LOAD ./Core/Src/system_stm32f4xx.o
LOAD ./Core/Startup/startup_stm32f407vgtx.o
LOAD ./Drivers/STM32F4xx_HAL_Driver/Src/stm32f4xx_hal.o
LOAD ./Drivers/STM32F4xx_HAL_Driver/Src/stm32f4xx_hal_cortex.o
LOAD ./Drivers/STM32F4xx_HAL_Driver/Src/stm32f4xx_hal_dma.o
LOAD ./Drivers/STM32F4xx_HAL_Driver/Src/stm32f4xx_hal_dma_ex.o
LOAD ./Drivers/STM32F4xx_HAL_Driver/Src/stm32f4xx_hal_exti.o
LOAD ./Drivers/STM32F4xx_HAL_Driver/Src/stm32f4xx_hal_flash.o
LOAD ./Drivers/STM32F4xx_HAL_Driver/Src/stm32f4xx_hal_flash_ex.o
LOAD ./Drivers/STM32F4xx_HAL_Driver/Src/stm32f4xx_hal_flash_ramfunc.o
LOAD ./Drivers/STM32F4xx_HAL_Driver/Src/stm32f4xx_hal_gpio.o
LOAD ./Drivers/STM32F4xx_HAL_Driver/Src/stm32f4xx_hal_pwr.o
LOAD ./Drivers/STM32F4xx_HAL_Driver/Src/stm32f4xx_hal_pwr_ex.o
LOAD ./Drivers/STM32F4xx_HAL_Driver/Src/stm32f4xx_hal_rcc.o
LOAD ./Drivers/STM32F4xx_HAL_Driver/Src/stm32f4xx_hal_rcc_ex.o
LOAD ./Drivers/STM32F4xx_HAL_Driver/Src/stm32f4xx_hal_spi.o
LOAD ./Drivers/STM32F4xx_HAL_Driver/Src/stm32f4xx_hal_tim.o
LOAD ./Drivers/STM32F4xx_HAL_Driver/Src/stm32f4xx_hal_tim_ex.o
START GROUP
LOAD /home/michal/.eclipse/com.st.stm32cube.ide.mcu.rcp.product_1.13.1_139062292_linux_gtk_x86_64/plugins/com.st.stm32cube.ide.mcu.externaltools.gnu-tools-for-stm32.11.3.rel1.linux64_1.1.1.202309131626/tools/bin/../lib/gcc/arm-none-eabi/11.3.1/../../../../arm-none-eabi/lib/thumb/v7e-m+fp/hard/libc_nano.a
LOAD /home/michal/.eclipse/com.st.stm32cube.ide.mcu.rcp.product_1.13.1_139062292_linux_gtk_x86_64/plugins/com.st.stm32cube.ide.mcu.externaltools.gnu-tools-for-stm32.11.3.rel1.linux64_1.1.1.202309131626/tools/bin/../lib/gcc/arm-none-eabi/11.3.1/../../../../arm-none-eabi/lib/thumb/v7e-m+fp/hard/libm.a
END GROUP
START GROUP
LOAD /home/michal/.eclipse/com.st.stm32cube.ide.mcu.rcp.product_1.13.1_139062292_linux_gtk_x86_64/plugins/com.st.stm32cube.ide.mcu.externaltools.gnu-tools-for-stm32.11.3.rel1.linux64_1.1.1.202309131626/tools/bin/../lib/gcc/arm-none-eabi/11.3.1/thumb/v7e-m+fp/hard/libgcc.a
LOAD /home/michal/.eclipse/com.st.stm32cube.ide.mcu.rcp.product_1.13.1_139062292_linux_gtk_x86_64/plugins/com.st.stm32cube.ide.mcu.externaltools.gnu-tools-for-stm32.11.3.rel1.linux64_1.1.1.202309131626/tools/bin/../lib/gcc/arm-none-eabi/11.3.1/../../../../arm-none-eabi/lib/thumb/v7e-m+fp/hard/libc_nano.a
END GROUP
START GROUP
LOAD /home/michal/.eclipse/com.st.stm32cube.ide.mcu.rcp.product_1.13.1_139062292_linux_gtk_x86_64/plugins/com.st.stm32cube.ide.mcu.externaltools.gnu-tools-for-stm32.11.3.rel1.linux64_1.1.1.202309131626/tools/bin/../lib/gcc/arm-none-eabi/11.3.1/thumb/v7e-m+fp/hard/libgcc.a
LOAD /home/michal/.eclipse/com.st.stm32cube.ide.mcu.rcp.product_1.13.1_139062292_linux_gtk_x86_64/plugins/com.st.stm32cube.ide.mcu.externaltools.gnu-tools-for-stm32.11.3.rel1.linux64_1.1.1.202309131626/tools/bin/../lib/gcc/arm-none-eabi/11.3.1/../../../../arm-none-eabi/lib/thumb/v7e-m+fp/hard/libc_nano.a
LOAD /home/michal/.eclipse/com.st.stm32cube.ide.mcu.rcp.product_1.13.1_139062292_linux_gtk_x86_64/plugins/com.st.stm32cube.ide.mcu.externaltools.gnu-tools-for-stm32.11.3.rel1.linux64_1.1.1.202309131626/tools/bin/../lib/gcc/arm-none-eabi/11.3.1/../../../../arm-none-eabi/lib/thumb/v7e-m+fp/hard/libnosys.a
END GROUP
START GROUP
LOAD /home/michal/.eclipse/com.st.stm32cube.ide.mcu.rcp.product_1.13.1_139062292_linux_gtk_x86_64/plugins/com.st.stm32cube.ide.mcu.externaltools.gnu-tools-for-stm32.11.3.rel1.linux64_1.1.1.202309131626/tools/bin/../lib/gcc/arm-none-eabi/11.3.1/thumb/v7e-m+fp/hard/libgcc.a
LOAD /home/michal/.eclipse/com.st.stm32cube.ide.mcu.rcp.product_1.13.1_139062292_linux_gtk_x86_64/plugins/com.st.stm32cube.ide.mcu.externaltools.gnu-tools-for-stm32.11.3.rel1.linux64_1.1.1.202309131626/tools/bin/../lib/gcc/arm-none-eabi/11.3.1/../../../../arm-none-eabi/lib/thumb/v7e-m+fp/hard/libc_nano.a
LOAD /home/michal/.eclipse/com.st.stm32cube.ide.mcu.rcp.product_1.13.1_139062292_linux_gtk_x86_64/plugins/com.st.stm32cube.ide.mcu.externaltools.gnu-tools-for-stm32.11.3.rel1.linux64_1.1.1.202309131626/tools/bin/../lib/gcc/arm-none-eabi/11.3.1/../../../../arm-none-eabi/lib/thumb/v7e-m+fp/hard/libnosys.a
END GROUP
LOAD /home/michal/.eclipse/com.st.stm32cube.ide.mcu.rcp.product_1.13.1_139062292_linux_gtk_x86_64/plugins/com.st.stm32cube.ide.mcu.externaltools.gnu-tools-for-stm32.11.3.rel1.linux64_1.1.1.202309131626/tools/bin/../lib/gcc/arm-none-eabi/11.3.1/thumb/v7e-m+fp/hard/crtend.o
LOAD /home/michal/.eclipse/com.st.stm32cube.ide.mcu.rcp.product_1.13.1_139062292_linux_gtk_x86_64/plugins/com.st.stm32cube.ide.mcu.externaltools.gnu-tools-for-stm32.11.3.rel1.linux64_1.1.1.202309131626/tools/bin/../lib/gcc/arm-none-eabi/11.3.1/thumb/v7e-m+fp/hard/crtn.o
                0x0000000020020000                _estack = (ORIGIN (RAM) + LENGTH (RAM))
                0x0000000000000200                _Min_Heap_Size = 0x200
                0x0000000000000400                _Min_Stack_Size = 0x400

.isr_vector     0x0000000008000000      0x188
                0x0000000008000000                . = ALIGN (0x4)
 *(.isr_vector)
 .isr_vector    0x0000000008000000      0x188 ./Core/Startup/startup_stm32f407vgtx.o
                0x0000000008000000                g_pfnVectors
                0x0000000008000188                . = ALIGN (0x4)

.text           0x0000000008000188     0x41c4
                0x0000000008000188                . = ALIGN (0x4)
 *(.text)
 .text          0x0000000008000188       0x40 /home/michal/.eclipse/com.st.stm32cube.ide.mcu.rcp.product_1.13.1_139062292_linux_gtk_x86_64/plugins/com.st.stm32cube.ide.mcu.externaltools.gnu-tools-for-stm32.11.3.rel1.linux64_1.1.1.202309131626/tools/bin/../lib/gcc/arm-none-eabi/11.3.1/thumb/v7e-m+fp/hard/crtbegin.o
 .text          0x00000000080001c8      0x378 /home/michal/.eclipse/com.st.stm32cube.ide.mcu.rcp.product_1.13.1_139062292_linux_gtk_x86_64/plugins/com.st.stm32cube.ide.mcu.externaltools.gnu-tools-for-stm32.11.3.rel1.linux64_1.1.1.202309131626/tools/bin/../lib/gcc/arm-none-eabi/11.3.1/thumb/v7e-m+fp/hard/libgcc.a(_arm_addsubdf3.o)
                0x00000000080001c8                __aeabi_drsub
                0x00000000080001d0                __aeabi_dsub
                0x00000000080001d0                __subdf3
                0x00000000080001d4                __adddf3
                0x00000000080001d4                __aeabi_dadd
                0x000000000800044c                __aeabi_ui2d
                0x000000000800044c                __floatunsidf
                0x000000000800046c                __floatsidf
                0x000000000800046c                __aeabi_i2d
                0x0000000008000490                __extendsfdf2
                0x0000000008000490                __aeabi_f2d
                0x00000000080004d4                __aeabi_ul2d
                0x00000000080004d4                __floatundidf
                0x00000000080004e4                __floatdidf
                0x00000000080004e4                __aeabi_l2d
 .text          0x0000000008000540      0x424 /home/michal/.eclipse/com.st.stm32cube.ide.mcu.rcp.product_1.13.1_139062292_linux_gtk_x86_64/plugins/com.st.stm32cube.ide.mcu.externaltools.gnu-tools-for-stm32.11.3.rel1.linux64_1.1.1.202309131626/tools/bin/../lib/gcc/arm-none-eabi/11.3.1/thumb/v7e-m+fp/hard/libgcc.a(_arm_muldivdf3.o)
                0x0000000008000540                __aeabi_dmul
                0x0000000008000540                __muldf3
                0x0000000008000794                __aeabi_ddiv
                0x0000000008000794                __divdf3
 .text          0x0000000008000964       0x40 /home/michal/.eclipse/com.st.stm32cube.ide.mcu.rcp.product_1.13.1_139062292_linux_gtk_x86_64/plugins/com.st.stm32cube.ide.mcu.externaltools.gnu-tools-for-stm32.11.3.rel1.linux64_1.1.1.202309131626/tools/bin/../lib/gcc/arm-none-eabi/11.3.1/thumb/v7e-m+fp/hard/libgcc.a(_arm_fixunsdfsi.o)
                0x0000000008000964                __fixunsdfsi
                0x0000000008000964                __aeabi_d2uiz
 .text          0x00000000080009a4       0xa0 /home/michal/.eclipse/com.st.stm32cube.ide.mcu.rcp.product_1.13.1_139062292_linux_gtk_x86_64/plugins/com.st.stm32cube.ide.mcu.externaltools.gnu-tools-for-stm32.11.3.rel1.linux64_1.1.1.202309131626/tools/bin/../lib/gcc/arm-none-eabi/11.3.1/thumb/v7e-m+fp/hard/libgcc.a(_arm_truncdfsf2.o)
                0x00000000080009a4                __aeabi_d2f
                0x00000000080009a4                __truncdfsf2
 .text          0x0000000008000a44       0x30 /home/michal/.eclipse/com.st.stm32cube.ide.mcu.rcp.product_1.13.1_139062292_linux_gtk_x86_64/plugins/com.st.stm32cube.ide.mcu.externaltools.gnu-tools-for-stm32.11.3.rel1.linux64_1.1.1.202309131626/tools/bin/../lib/gcc/arm-none-eabi/11.3.1/thumb/v7e-m+fp/hard/libgcc.a(_aeabi_uldivmod.o)
                0x0000000008000a44                __aeabi_uldivmod
 .text          0x0000000008000a74      0x2c8 /home/michal/.eclipse/com.st.stm32cube.ide.mcu.rcp.product_1.13.1_139062292_linux_gtk_x86_64/plugins/com.st.stm32cube.ide.mcu.externaltools.gnu-tools-for-stm32.11.3.rel1.linux64_1.1.1.202309131626/tools/bin/../lib/gcc/arm-none-eabi/11.3.1/thumb/v7e-m+fp/hard/libgcc.a(_udivmoddi4.o)
                0x0000000008000a74                __udivmoddi4
 .text          0x0000000008000d3c        0x4 /home/michal/.eclipse/com.st.stm32cube.ide.mcu.rcp.product_1.13.1_139062292_linux_gtk_x86_64/plugins/com.st.stm32cube.ide.mcu.externaltools.gnu-tools-for-stm32.11.3.rel1.linux64_1.1.1.202309131626/tools/bin/../lib/gcc/arm-none-eabi/11.3.1/thumb/v7e-m+fp/hard/libgcc.a(_dvmd_tls.o)
                0x0000000008000d3c                __aeabi_ldiv0
                0x0000000008000d3c                __aeabi_idiv0
 *(.text*)
 .text.MX_GPIO_Init
                0x0000000008000d40      0x2cc ./Core/Src/gpio.o
                0x0000000008000d40                MX_GPIO_Init
 .text.ILI9341_Select
                0x000000000800100c       0x18 ./Core/Src/ili9341.o
 .text.ILI9341_Unselect
                0x0000000008001024       0x18 ./Core/Src/ili9341.o
                0x0000000008001024                ILI9341_Unselect
 .text.ILI9341_Reset
                0x000000000800103c       0x28 ./Core/Src/ili9341.o
 .text.ILI9341_WriteCommand
                0x0000000008001064       0x34 ./Core/Src/ili9341.o
 .text.ILI9341_WriteData
                0x0000000008001098       0x5c ./Core/Src/ili9341.o
 .text.ILI9341_SetAddressWindow
                0x00000000080010f4       0x90 ./Core/Src/ili9341.o
 .text.ILI9341_Init
                0x0000000008001184      0x25c ./Core/Src/ili9341.o
                0x0000000008001184                ILI9341_Init
 .text.ILI9341_DrawPixel
                0x00000000080013e0       0x62 ./Core/Src/ili9341.o
                0x00000000080013e0                ILI9341_DrawPixel
 *fill*         0x0000000008001442        0x2 
 .text.ILI9341_FillRectangle
                0x0000000008001444       0xdc ./Core/Src/ili9341.o
                0x0000000008001444                ILI9341_FillRectangle
 .text.ILI9341_FillScreen
                0x0000000008001520       0x24 ./Core/Src/ili9341.o
                0x0000000008001520                ILI9341_FillScreen
 .text.main     0x0000000008001544       0xc8 ./Core/Src/main.o
                0x0000000008001544                main
 .text.SystemClock_Config
                0x000000000800160c       0xd4 ./Core/Src/main.o
                0x000000000800160c                SystemClock_Config
 .text.scale_cube
                0x00000000080016e0       0xdc ./Core/Src/main.o
                0x00000000080016e0                scale_cube
 .text.project_cube
                0x00000000080017bc       0x80 ./Core/Src/main.o
                0x00000000080017bc                project_cube
 .text.clear_display
                0x000000000800183c       0x78 ./Core/Src/main.o
                0x000000000800183c                clear_display
 .text.dot_matrix
                0x00000000080018b4      0x182 ./Core/Src/main.o
                0x00000000080018b4                dot_matrix
 *fill*         0x0000000008001a36        0x2 
 .text.rotate_cube_x
                0x0000000008001a38      0x110 ./Core/Src/main.o
                0x0000000008001a38                rotate_cube_x
 .text.rotate_cube_y
                0x0000000008001b48      0x110 ./Core/Src/main.o
                0x0000000008001b48                rotate_cube_y
 .text.rotate_cube_z
                0x0000000008001c58      0x110 ./Core/Src/main.o
                0x0000000008001c58                rotate_cube_z
 .text.display_cube
                0x0000000008001d68      0x158 ./Core/Src/main.o
                0x0000000008001d68                display_cube
 .text.draw_line
                0x0000000008001ec0      0x1b0 ./Core/Src/main.o
                0x0000000008001ec0                draw_line
 .text.to_radians
                0x0000000008002070       0x54 ./Core/Src/main.o
                0x0000000008002070                to_radians
 .text.Error_Handler
                0x00000000080020c4        0xa ./Core/Src/main.o
                0x00000000080020c4                Error_Handler
 *fill*         0x00000000080020ce        0x2 
 .text.MX_SPI1_Init
                0x00000000080020d0       0x6c ./Core/Src/spi.o
                0x00000000080020d0                MX_SPI1_Init
 .text.HAL_SPI_MspInit
                0x000000000800213c       0x90 ./Core/Src/spi.o
                0x000000000800213c                HAL_SPI_MspInit
 .text.HAL_MspInit
                0x00000000080021cc       0x50 ./Core/Src/stm32f4xx_hal_msp.o
                0x00000000080021cc                HAL_MspInit
 .text.NMI_Handler
                0x000000000800221c        0x6 ./Core/Src/stm32f4xx_it.o
                0x000000000800221c                NMI_Handler
 .text.HardFault_Handler
                0x0000000008002222        0x6 ./Core/Src/stm32f4xx_it.o
                0x0000000008002222                HardFault_Handler
 .text.MemManage_Handler
                0x0000000008002228        0x6 ./Core/Src/stm32f4xx_it.o
                0x0000000008002228                MemManage_Handler
 .text.BusFault_Handler
                0x000000000800222e        0x6 ./Core/Src/stm32f4xx_it.o
                0x000000000800222e                BusFault_Handler
 .text.UsageFault_Handler
                0x0000000008002234        0x6 ./Core/Src/stm32f4xx_it.o
                0x0000000008002234                UsageFault_Handler
 .text.SVC_Handler
                0x000000000800223a        0xe ./Core/Src/stm32f4xx_it.o
                0x000000000800223a                SVC_Handler
 .text.DebugMon_Handler
                0x0000000008002248        0xe ./Core/Src/stm32f4xx_it.o
                0x0000000008002248                DebugMon_Handler
 .text.PendSV_Handler
                0x0000000008002256        0xe ./Core/Src/stm32f4xx_it.o
                0x0000000008002256                PendSV_Handler
 .text.SysTick_Handler
                0x0000000008002264        0xc ./Core/Src/stm32f4xx_it.o
                0x0000000008002264                SysTick_Handler
 .text.SystemInit
                0x0000000008002270       0x24 ./Core/Src/system_stm32f4xx.o
                0x0000000008002270                SystemInit
 .text.Reset_Handler
                0x0000000008002294       0x50 ./Core/Startup/startup_stm32f407vgtx.o
                0x0000000008002294                Reset_Handler
 .text.Default_Handler
                0x00000000080022e4        0x2 ./Core/Startup/startup_stm32f407vgtx.o
                0x00000000080022e4                RTC_Alarm_IRQHandler
                0x00000000080022e4                HASH_RNG_IRQHandler
                0x00000000080022e4                EXTI2_IRQHandler
                0x00000000080022e4                TIM8_CC_IRQHandler
                0x00000000080022e4                TIM1_CC_IRQHandler
                0x00000000080022e4                DMA2_Stream5_IRQHandler
                0x00000000080022e4                DMA1_Stream5_IRQHandler
                0x00000000080022e4                PVD_IRQHandler
                0x00000000080022e4                SDIO_IRQHandler
                0x00000000080022e4                TAMP_STAMP_IRQHandler
                0x00000000080022e4                CAN2_RX1_IRQHandler
                0x00000000080022e4                EXTI3_IRQHandler
                0x00000000080022e4                TIM8_TRG_COM_TIM14_IRQHandler
                0x00000000080022e4                TIM1_UP_TIM10_IRQHandler
                0x00000000080022e4                TIM8_UP_TIM13_IRQHandler
                0x00000000080022e4                I2C3_ER_IRQHandler
                0x00000000080022e4                EXTI0_IRQHandler
                0x00000000080022e4                I2C2_EV_IRQHandler
                0x00000000080022e4                DMA1_Stream2_IRQHandler
                0x00000000080022e4                CAN1_RX0_IRQHandler
                0x00000000080022e4                FPU_IRQHandler
                0x00000000080022e4                OTG_HS_WKUP_IRQHandler
                0x00000000080022e4                CAN2_SCE_IRQHandler
                0x00000000080022e4                DMA2_Stream2_IRQHandler
                0x00000000080022e4                SPI1_IRQHandler
                0x00000000080022e4                TIM6_DAC_IRQHandler
                0x00000000080022e4                TIM1_BRK_TIM9_IRQHandler
                0x00000000080022e4                DCMI_IRQHandler
                0x00000000080022e4                CAN2_RX0_IRQHandler
                0x00000000080022e4                DMA2_Stream3_IRQHandler
                0x00000000080022e4                USART6_IRQHandler
                0x00000000080022e4                USART3_IRQHandler
                0x00000000080022e4                CAN1_RX1_IRQHandler
                0x00000000080022e4                UART5_IRQHandler
                0x00000000080022e4                DMA2_Stream0_IRQHandler
                0x00000000080022e4                TIM4_IRQHandler
                0x00000000080022e4                I2C1_EV_IRQHandler
                0x00000000080022e4                DMA1_Stream6_IRQHandler
                0x00000000080022e4                DMA1_Stream1_IRQHandler
                0x00000000080022e4                UART4_IRQHandler
                0x00000000080022e4                TIM3_IRQHandler
                0x00000000080022e4                RCC_IRQHandler
                0x00000000080022e4                TIM8_BRK_TIM12_IRQHandler
                0x00000000080022e4                Default_Handler
                0x00000000080022e4                EXTI15_10_IRQHandler
                0x00000000080022e4                ADC_IRQHandler
                0x00000000080022e4                DMA1_Stream7_IRQHandler
                0x00000000080022e4                TIM7_IRQHandler
                0x00000000080022e4                CAN2_TX_IRQHandler
                0x00000000080022e4                TIM5_IRQHandler
                0x00000000080022e4                DMA2_Stream7_IRQHandler
                0x00000000080022e4                I2C3_EV_IRQHandler
                0x00000000080022e4                EXTI9_5_IRQHandler
                0x00000000080022e4                RTC_WKUP_IRQHandler
                0x00000000080022e4                ETH_WKUP_IRQHandler
                0x00000000080022e4                SPI2_IRQHandler
                0x00000000080022e4                OTG_HS_EP1_IN_IRQHandler
                0x00000000080022e4                DMA1_Stream0_IRQHandler
                0x00000000080022e4                CAN1_TX_IRQHandler
                0x00000000080022e4                EXTI4_IRQHandler
                0x00000000080022e4                FSMC_IRQHandler
                0x00000000080022e4                ETH_IRQHandler
                0x00000000080022e4                OTG_HS_EP1_OUT_IRQHandler
                0x00000000080022e4                WWDG_IRQHandler
                0x00000000080022e4                TIM2_IRQHandler
                0x00000000080022e4                OTG_FS_WKUP_IRQHandler
                0x00000000080022e4                TIM1_TRG_COM_TIM11_IRQHandler
                0x00000000080022e4                OTG_HS_IRQHandler
                0x00000000080022e4                EXTI1_IRQHandler
                0x00000000080022e4                USART2_IRQHandler
                0x00000000080022e4                I2C2_ER_IRQHandler
                0x00000000080022e4                DMA2_Stream1_IRQHandler
                0x00000000080022e4                CAN1_SCE_IRQHandler
                0x00000000080022e4                FLASH_IRQHandler
                0x00000000080022e4                DMA2_Stream4_IRQHandler
                0x00000000080022e4                USART1_IRQHandler
                0x00000000080022e4                OTG_FS_IRQHandler
                0x00000000080022e4                SPI3_IRQHandler
                0x00000000080022e4                DMA1_Stream4_IRQHandler
                0x00000000080022e4                I2C1_ER_IRQHandler
                0x00000000080022e4                DMA2_Stream6_IRQHandler
                0x00000000080022e4                DMA1_Stream3_IRQHandler
 *fill*         0x00000000080022e6        0x2 
 .text.HAL_Init
                0x00000000080022e8       0x44 ./Drivers/STM32F4xx_HAL_Driver/Src/stm32f4xx_hal.o
                0x00000000080022e8                HAL_Init
 .text.HAL_InitTick
                0x000000000800232c       0x60 ./Drivers/STM32F4xx_HAL_Driver/Src/stm32f4xx_hal.o
                0x000000000800232c                HAL_InitTick
 .text.HAL_IncTick
                0x000000000800238c       0x28 ./Drivers/STM32F4xx_HAL_Driver/Src/stm32f4xx_hal.o
                0x000000000800238c                HAL_IncTick
 .text.HAL_GetTick
                0x00000000080023b4       0x18 ./Drivers/STM32F4xx_HAL_Driver/Src/stm32f4xx_hal.o
                0x00000000080023b4                HAL_GetTick
 .text.HAL_Delay
                0x00000000080023cc       0x48 ./Drivers/STM32F4xx_HAL_Driver/Src/stm32f4xx_hal.o
                0x00000000080023cc                HAL_Delay
 .text.__NVIC_SetPriorityGrouping
                0x0000000008002414       0x48 ./Drivers/STM32F4xx_HAL_Driver/Src/stm32f4xx_hal_cortex.o
 .text.__NVIC_GetPriorityGrouping
                0x000000000800245c       0x1c ./Drivers/STM32F4xx_HAL_Driver/Src/stm32f4xx_hal_cortex.o
 .text.__NVIC_SetPriority
                0x0000000008002478       0x54 ./Drivers/STM32F4xx_HAL_Driver/Src/stm32f4xx_hal_cortex.o
 .text.NVIC_EncodePriority
                0x00000000080024cc       0x66 ./Drivers/STM32F4xx_HAL_Driver/Src/stm32f4xx_hal_cortex.o
 *fill*         0x0000000008002532        0x2 
 .text.SysTick_Config
                0x0000000008002534       0x44 ./Drivers/STM32F4xx_HAL_Driver/Src/stm32f4xx_hal_cortex.o
 .text.HAL_NVIC_SetPriorityGrouping
                0x0000000008002578       0x16 ./Drivers/STM32F4xx_HAL_Driver/Src/stm32f4xx_hal_cortex.o
                0x0000000008002578                HAL_NVIC_SetPriorityGrouping
 .text.HAL_NVIC_SetPriority
                0x000000000800258e       0x38 ./Drivers/STM32F4xx_HAL_Driver/Src/stm32f4xx_hal_cortex.o
                0x000000000800258e                HAL_NVIC_SetPriority
 .text.HAL_SYSTICK_Config
                0x00000000080025c6       0x18 ./Drivers/STM32F4xx_HAL_Driver/Src/stm32f4xx_hal_cortex.o
                0x00000000080025c6                HAL_SYSTICK_Config
 *fill*         0x00000000080025de        0x2 
 .text.HAL_GPIO_Init
                0x00000000080025e0      0x338 ./Drivers/STM32F4xx_HAL_Driver/Src/stm32f4xx_hal_gpio.o
                0x00000000080025e0                HAL_GPIO_Init
 .text.HAL_GPIO_WritePin
                0x0000000008002918       0x32 ./Drivers/STM32F4xx_HAL_Driver/Src/stm32f4xx_hal_gpio.o
                0x0000000008002918                HAL_GPIO_WritePin
 *fill*         0x000000000800294a        0x2 
 .text.HAL_RCC_OscConfig
                0x000000000800294c      0x4f0 ./Drivers/STM32F4xx_HAL_Driver/Src/stm32f4xx_hal_rcc.o
                0x000000000800294c                HAL_RCC_OscConfig
 .text.HAL_RCC_ClockConfig
                0x0000000008002e3c      0x1cc ./Drivers/STM32F4xx_HAL_Driver/Src/stm32f4xx_hal_rcc.o
                0x0000000008002e3c                HAL_RCC_ClockConfig
 .text.HAL_RCC_GetSysClockFreq
                0x0000000008003008      0x20c ./Drivers/STM32F4xx_HAL_Driver/Src/stm32f4xx_hal_rcc.o
                0x0000000008003008                HAL_RCC_GetSysClockFreq
 .text.HAL_SPI_Init
                0x0000000008003214      0x112 ./Drivers/STM32F4xx_HAL_Driver/Src/stm32f4xx_hal_spi.o
                0x0000000008003214                HAL_SPI_Init
 .text.HAL_SPI_Transmit
                0x0000000008003326      0x278 ./Drivers/STM32F4xx_HAL_Driver/Src/stm32f4xx_hal_spi.o
                0x0000000008003326                HAL_SPI_Transmit
 *fill*         0x000000000800359e        0x2 
 .text.SPI_WaitFlagStateUntilTimeout
                0x00000000080035a0      0x110 ./Drivers/STM32F4xx_HAL_Driver/Src/stm32f4xx_hal_spi.o
 .text.SPI_EndRxTxTransaction
                0x00000000080036b0       0x84 ./Drivers/STM32F4xx_HAL_Driver/Src/stm32f4xx_hal_spi.o
 .text.memset   0x0000000008003734       0x10 /home/michal/.eclipse/com.st.stm32cube.ide.mcu.rcp.product_1.13.1_139062292_linux_gtk_x86_64/plugins/com.st.stm32cube.ide.mcu.externaltools.gnu-tools-for-stm32.11.3.rel1.linux64_1.1.1.202309131626/tools/bin/../lib/gcc/arm-none-eabi/11.3.1/../../../../arm-none-eabi/lib/thumb/v7e-m+fp/hard/libc_nano.a(libc_a-memset.o)
                0x0000000008003734                memset
 .text.__libc_init_array
                0x0000000008003744       0x48 /home/michal/.eclipse/com.st.stm32cube.ide.mcu.rcp.product_1.13.1_139062292_linux_gtk_x86_64/plugins/com.st.stm32cube.ide.mcu.externaltools.gnu-tools-for-stm32.11.3.rel1.linux64_1.1.1.202309131626/tools/bin/../lib/gcc/arm-none-eabi/11.3.1/../../../../arm-none-eabi/lib/thumb/v7e-m+fp/hard/libc_nano.a(libc_a-init.o)
                0x0000000008003744                __libc_init_array
 .text.memcpy   0x000000000800378c       0x1c /home/michal/.eclipse/com.st.stm32cube.ide.mcu.rcp.product_1.13.1_139062292_linux_gtk_x86_64/plugins/com.st.stm32cube.ide.mcu.externaltools.gnu-tools-for-stm32.11.3.rel1.linux64_1.1.1.202309131626/tools/bin/../lib/gcc/arm-none-eabi/11.3.1/../../../../arm-none-eabi/lib/thumb/v7e-m+fp/hard/libc_nano.a(libc_a-memcpy-stub.o)
                0x000000000800378c                memcpy
 .text.cosf     0x00000000080037a8       0x88 /home/michal/.eclipse/com.st.stm32cube.ide.mcu.rcp.product_1.13.1_139062292_linux_gtk_x86_64/plugins/com.st.stm32cube.ide.mcu.externaltools.gnu-tools-for-stm32.11.3.rel1.linux64_1.1.1.202309131626/tools/bin/../lib/gcc/arm-none-eabi/11.3.1/../../../../arm-none-eabi/lib/thumb/v7e-m+fp/hard/libm.a(libm_a-sf_cos.o)
                0x00000000080037a8                cosf
 .text.sinf     0x0000000008003830       0x8c /home/michal/.eclipse/com.st.stm32cube.ide.mcu.rcp.product_1.13.1_139062292_linux_gtk_x86_64/plugins/com.st.stm32cube.ide.mcu.externaltools.gnu-tools-for-stm32.11.3.rel1.linux64_1.1.1.202309131626/tools/bin/../lib/gcc/arm-none-eabi/11.3.1/../../../../arm-none-eabi/lib/thumb/v7e-m+fp/hard/libm.a(libm_a-sf_sin.o)
                0x0000000008003830                sinf
 .text.round    0x00000000080038bc       0x90 /home/michal/.eclipse/com.st.stm32cube.ide.mcu.rcp.product_1.13.1_139062292_linux_gtk_x86_64/plugins/com.st.stm32cube.ide.mcu.externaltools.gnu-tools-for-stm32.11.3.rel1.linux64_1.1.1.202309131626/tools/bin/../lib/gcc/arm-none-eabi/11.3.1/../../../../arm-none-eabi/lib/thumb/v7e-m+fp/hard/libm.a(libm_a-s_round.o)
                0x00000000080038bc                round
 .text.__kernel_cosf
                0x000000000800394c       0xbc /home/michal/.eclipse/com.st.stm32cube.ide.mcu.rcp.product_1.13.1_139062292_linux_gtk_x86_64/plugins/com.st.stm32cube.ide.mcu.externaltools.gnu-tools-for-stm32.11.3.rel1.linux64_1.1.1.202309131626/tools/bin/../lib/gcc/arm-none-eabi/11.3.1/../../../../arm-none-eabi/lib/thumb/v7e-m+fp/hard/libm.a(libm_a-kf_cos.o)
                0x000000000800394c                __kernel_cosf
 .text.__kernel_sinf
                0x0000000008003a08       0x90 /home/michal/.eclipse/com.st.stm32cube.ide.mcu.rcp.product_1.13.1_139062292_linux_gtk_x86_64/plugins/com.st.stm32cube.ide.mcu.externaltools.gnu-tools-for-stm32.11.3.rel1.linux64_1.1.1.202309131626/tools/bin/../lib/gcc/arm-none-eabi/11.3.1/../../../../arm-none-eabi/lib/thumb/v7e-m+fp/hard/libm.a(libm_a-kf_sin.o)
                0x0000000008003a08                __kernel_sinf
 .text.__ieee754_rem_pio2f
                0x0000000008003a98      0x258 /home/michal/.eclipse/com.st.stm32cube.ide.mcu.rcp.product_1.13.1_139062292_linux_gtk_x86_64/plugins/com.st.stm32cube.ide.mcu.externaltools.gnu-tools-for-stm32.11.3.rel1.linux64_1.1.1.202309131626/tools/bin/../lib/gcc/arm-none-eabi/11.3.1/../../../../arm-none-eabi/lib/thumb/v7e-m+fp/hard/libm.a(libm_a-ef_rem_pio2.o)
                0x0000000008003a98                __ieee754_rem_pio2f
 .text.fabsf    0x0000000008003cf0        0xe /home/michal/.eclipse/com.st.stm32cube.ide.mcu.rcp.product_1.13.1_139062292_linux_gtk_x86_64/plugins/com.st.stm32cube.ide.mcu.externaltools.gnu-tools-for-stm32.11.3.rel1.linux64_1.1.1.202309131626/tools/bin/../lib/gcc/arm-none-eabi/11.3.1/../../../../arm-none-eabi/lib/thumb/v7e-m+fp/hard/libm.a(libm_a-sf_fabs.o)
                0x0000000008003cf0                fabsf
 *fill*         0x0000000008003cfe        0x2 
 .text.__kernel_rem_pio2f
                0x0000000008003d00      0x4e4 /home/michal/.eclipse/com.st.stm32cube.ide.mcu.rcp.product_1.13.1_139062292_linux_gtk_x86_64/plugins/com.st.stm32cube.ide.mcu.externaltools.gnu-tools-for-stm32.11.3.rel1.linux64_1.1.1.202309131626/tools/bin/../lib/gcc/arm-none-eabi/11.3.1/../../../../arm-none-eabi/lib/thumb/v7e-m+fp/hard/libm.a(libm_a-kf_rem_pio2.o)
                0x0000000008003d00                __kernel_rem_pio2f
 .text.scalbnf  0x00000000080041e4       0xcc /home/michal/.eclipse/com.st.stm32cube.ide.mcu.rcp.product_1.13.1_139062292_linux_gtk_x86_64/plugins/com.st.stm32cube.ide.mcu.externaltools.gnu-tools-for-stm32.11.3.rel1.linux64_1.1.1.202309131626/tools/bin/../lib/gcc/arm-none-eabi/11.3.1/../../../../arm-none-eabi/lib/thumb/v7e-m+fp/hard/libm.a(libm_a-sf_scalbn.o)
                0x00000000080041e4                scalbnf
 .text.floorf   0x00000000080042b0       0x84 /home/michal/.eclipse/com.st.stm32cube.ide.mcu.rcp.product_1.13.1_139062292_linux_gtk_x86_64/plugins/com.st.stm32cube.ide.mcu.externaltools.gnu-tools-for-stm32.11.3.rel1.linux64_1.1.1.202309131626/tools/bin/../lib/gcc/arm-none-eabi/11.3.1/../../../../arm-none-eabi/lib/thumb/v7e-m+fp/hard/libm.a(libm_a-sf_floor.o)
                0x00000000080042b0                floorf
 *(.glue_7)
 .glue_7        0x0000000008004334        0x0 linker stubs
 *(.glue_7t)
 .glue_7t       0x0000000008004334        0x0 linker stubs
 *(.eh_frame)
 .eh_frame      0x0000000008004334        0x0 /home/michal/.eclipse/com.st.stm32cube.ide.mcu.rcp.product_1.13.1_139062292_linux_gtk_x86_64/plugins/com.st.stm32cube.ide.mcu.externaltools.gnu-tools-for-stm32.11.3.rel1.linux64_1.1.1.202309131626/tools/bin/../lib/gcc/arm-none-eabi/11.3.1/thumb/v7e-m+fp/hard/crtbegin.o
 *(.init)
 .init          0x0000000008004334        0x4 /home/michal/.eclipse/com.st.stm32cube.ide.mcu.rcp.product_1.13.1_139062292_linux_gtk_x86_64/plugins/com.st.stm32cube.ide.mcu.externaltools.gnu-tools-for-stm32.11.3.rel1.linux64_1.1.1.202309131626/tools/bin/../lib/gcc/arm-none-eabi/11.3.1/thumb/v7e-m+fp/hard/crti.o
                0x0000000008004334                _init
 .init          0x0000000008004338        0x8 /home/michal/.eclipse/com.st.stm32cube.ide.mcu.rcp.product_1.13.1_139062292_linux_gtk_x86_64/plugins/com.st.stm32cube.ide.mcu.externaltools.gnu-tools-for-stm32.11.3.rel1.linux64_1.1.1.202309131626/tools/bin/../lib/gcc/arm-none-eabi/11.3.1/thumb/v7e-m+fp/hard/crtn.o
 *(.fini)
 .fini          0x0000000008004340        0x4 /home/michal/.eclipse/com.st.stm32cube.ide.mcu.rcp.product_1.13.1_139062292_linux_gtk_x86_64/plugins/com.st.stm32cube.ide.mcu.externaltools.gnu-tools-for-stm32.11.3.rel1.linux64_1.1.1.202309131626/tools/bin/../lib/gcc/arm-none-eabi/11.3.1/thumb/v7e-m+fp/hard/crti.o
                0x0000000008004340                _fini
 .fini          0x0000000008004344        0x8 /home/michal/.eclipse/com.st.stm32cube.ide.mcu.rcp.product_1.13.1_139062292_linux_gtk_x86_64/plugins/com.st.stm32cube.ide.mcu.externaltools.gnu-tools-for-stm32.11.3.rel1.linux64_1.1.1.202309131626/tools/bin/../lib/gcc/arm-none-eabi/11.3.1/thumb/v7e-m+fp/hard/crtn.o
                0x000000000800434c                . = ALIGN (0x4)
                0x000000000800434c                _etext = .

.vfp11_veneer   0x000000000800434c        0x0
 .vfp11_veneer  0x000000000800434c        0x0 linker stubs

.v4_bx          0x000000000800434c        0x0
 .v4_bx         0x000000000800434c        0x0 linker stubs

.iplt           0x000000000800434c        0x0
 .iplt          0x000000000800434c        0x0 /home/michal/.eclipse/com.st.stm32cube.ide.mcu.rcp.product_1.13.1_139062292_linux_gtk_x86_64/plugins/com.st.stm32cube.ide.mcu.externaltools.gnu-tools-for-stm32.11.3.rel1.linux64_1.1.1.202309131626/tools/bin/../lib/gcc/arm-none-eabi/11.3.1/thumb/v7e-m+fp/hard/crtbegin.o

.rodata         0x000000000800434c      0x474
                0x000000000800434c                . = ALIGN (0x4)
 *(.rodata)
 .rodata        0x000000000800434c       0x33 ./Core/Src/ili9341.o
 *(.rodata*)
 *fill*         0x000000000800437f        0x1 
 .rodata.base_cube
                0x0000000008004380       0x60 ./Core/Src/main.o
                0x0000000008004380                base_cube
 .rodata.AHBPrescTable
                0x00000000080043e0       0x10 ./Core/Src/system_stm32f4xx.o
                0x00000000080043e0                AHBPrescTable
 .rodata.npio2_hw
                0x00000000080043f0       0x80 /home/michal/.eclipse/com.st.stm32cube.ide.mcu.rcp.product_1.13.1_139062292_linux_gtk_x86_64/plugins/com.st.stm32cube.ide.mcu.externaltools.gnu-tools-for-stm32.11.3.rel1.linux64_1.1.1.202309131626/tools/bin/../lib/gcc/arm-none-eabi/11.3.1/../../../../arm-none-eabi/lib/thumb/v7e-m+fp/hard/libm.a(libm_a-ef_rem_pio2.o)
 .rodata.two_over_pi
                0x0000000008004470      0x318 /home/michal/.eclipse/com.st.stm32cube.ide.mcu.rcp.product_1.13.1_139062292_linux_gtk_x86_64/plugins/com.st.stm32cube.ide.mcu.externaltools.gnu-tools-for-stm32.11.3.rel1.linux64_1.1.1.202309131626/tools/bin/../lib/gcc/arm-none-eabi/11.3.1/../../../../arm-none-eabi/lib/thumb/v7e-m+fp/hard/libm.a(libm_a-ef_rem_pio2.o)
 .rodata.PIo2   0x0000000008004788       0x2c /home/michal/.eclipse/com.st.stm32cube.ide.mcu.rcp.product_1.13.1_139062292_linux_gtk_x86_64/plugins/com.st.stm32cube.ide.mcu.externaltools.gnu-tools-for-stm32.11.3.rel1.linux64_1.1.1.202309131626/tools/bin/../lib/gcc/arm-none-eabi/11.3.1/../../../../arm-none-eabi/lib/thumb/v7e-m+fp/hard/libm.a(libm_a-kf_rem_pio2.o)
 .rodata.init_jk
                0x00000000080047b4        0xc /home/michal/.eclipse/com.st.stm32cube.ide.mcu.rcp.product_1.13.1_139062292_linux_gtk_x86_64/plugins/com.st.stm32cube.ide.mcu.externaltools.gnu-tools-for-stm32.11.3.rel1.linux64_1.1.1.202309131626/tools/bin/../lib/gcc/arm-none-eabi/11.3.1/../../../../arm-none-eabi/lib/thumb/v7e-m+fp/hard/libm.a(libm_a-kf_rem_pio2.o)
                0x00000000080047c0                . = ALIGN (0x4)

.ARM.extab      0x00000000080047c0        0x0
                0x00000000080047c0                . = ALIGN (0x4)
 *(.ARM.extab* .gnu.linkonce.armextab.*)
                0x00000000080047c0                . = ALIGN (0x4)

.ARM            0x00000000080047c0        0x8
                0x00000000080047c0                . = ALIGN (0x4)
                0x00000000080047c0                __exidx_start = .
 *(.ARM.exidx*)
 .ARM.exidx     0x00000000080047c0        0x8 /home/michal/.eclipse/com.st.stm32cube.ide.mcu.rcp.product_1.13.1_139062292_linux_gtk_x86_64/plugins/com.st.stm32cube.ide.mcu.externaltools.gnu-tools-for-stm32.11.3.rel1.linux64_1.1.1.202309131626/tools/bin/../lib/gcc/arm-none-eabi/11.3.1/thumb/v7e-m+fp/hard/libgcc.a(_udivmoddi4.o)
                0x00000000080047c8                __exidx_end = .
                0x00000000080047c8                . = ALIGN (0x4)

.rel.dyn        0x00000000080047c8        0x0
 .rel.iplt      0x00000000080047c8        0x0 /home/michal/.eclipse/com.st.stm32cube.ide.mcu.rcp.product_1.13.1_139062292_linux_gtk_x86_64/plugins/com.st.stm32cube.ide.mcu.externaltools.gnu-tools-for-stm32.11.3.rel1.linux64_1.1.1.202309131626/tools/bin/../lib/gcc/arm-none-eabi/11.3.1/thumb/v7e-m+fp/hard/crtbegin.o

.preinit_array  0x00000000080047c8        0x0
                0x00000000080047c8                . = ALIGN (0x4)
                0x00000000080047c8                PROVIDE (__preinit_array_start = .)
 *(.preinit_array*)
                0x00000000080047c8                PROVIDE (__preinit_array_end = .)
                0x00000000080047c8                . = ALIGN (0x4)

.init_array     0x00000000080047c8        0x4
                0x00000000080047c8                . = ALIGN (0x4)
                0x00000000080047c8                PROVIDE (__init_array_start = .)
 *(SORT_BY_NAME(.init_array.*))
 *(.init_array*)
 .init_array    0x00000000080047c8        0x4 /home/michal/.eclipse/com.st.stm32cube.ide.mcu.rcp.product_1.13.1_139062292_linux_gtk_x86_64/plugins/com.st.stm32cube.ide.mcu.externaltools.gnu-tools-for-stm32.11.3.rel1.linux64_1.1.1.202309131626/tools/bin/../lib/gcc/arm-none-eabi/11.3.1/thumb/v7e-m+fp/hard/crtbegin.o
                0x00000000080047cc                PROVIDE (__init_array_end = .)
                0x00000000080047cc                . = ALIGN (0x4)

.fini_array     0x00000000080047cc        0x4
                0x00000000080047cc                . = ALIGN (0x4)
                [!provide]                        PROVIDE (__fini_array_start = .)
 *(SORT_BY_NAME(.fini_array.*))
 *(.fini_array*)
 .fini_array    0x00000000080047cc        0x4 /home/michal/.eclipse/com.st.stm32cube.ide.mcu.rcp.product_1.13.1_139062292_linux_gtk_x86_64/plugins/com.st.stm32cube.ide.mcu.externaltools.gnu-tools-for-stm32.11.3.rel1.linux64_1.1.1.202309131626/tools/bin/../lib/gcc/arm-none-eabi/11.3.1/thumb/v7e-m+fp/hard/crtbegin.o
                [!provide]                        PROVIDE (__fini_array_end = .)
                0x00000000080047d0                . = ALIGN (0x4)
                0x00000000080047d0                _sidata = LOADADDR (.data)

.data           0x0000000020000000       0x30 load address 0x00000000080047d0
                0x0000000020000000                . = ALIGN (0x4)
                0x0000000020000000                _sdata = .
 *(.data)
 *(.data*)
 .data.projection_matrix
                0x0000000020000000       0x24 ./Core/Src/main.o
                0x0000000020000000                projection_matrix
 .data.SystemCoreClock
                0x0000000020000024        0x4 ./Core/Src/system_stm32f4xx.o
                0x0000000020000024                SystemCoreClock
 .data.uwTickPrio
                0x0000000020000028        0x4 ./Drivers/STM32F4xx_HAL_Driver/Src/stm32f4xx_hal.o
                0x0000000020000028                uwTickPrio
 .data.uwTickFreq
                0x000000002000002c        0x1 ./Drivers/STM32F4xx_HAL_Driver/Src/stm32f4xx_hal.o
                0x000000002000002c                uwTickFreq
 *(.RamFunc)
 *(.RamFunc*)
                0x0000000020000030                . = ALIGN (0x4)
 *fill*         0x000000002000002d        0x3 
                0x0000000020000030                _edata = .
                0x0000000008004800                _siccmram = LOADADDR (.ccmram)

.igot.plt       0x0000000020000030        0x0 load address 0x0000000008004800
 .igot.plt      0x0000000020000030        0x0 /home/michal/.eclipse/com.st.stm32cube.ide.mcu.rcp.product_1.13.1_139062292_linux_gtk_x86_64/plugins/com.st.stm32cube.ide.mcu.externaltools.gnu-tools-for-stm32.11.3.rel1.linux64_1.1.1.202309131626/tools/bin/../lib/gcc/arm-none-eabi/11.3.1/thumb/v7e-m+fp/hard/crtbegin.o

.ccmram         0x0000000010000000        0x0 load address 0x0000000008004800
                0x0000000010000000                . = ALIGN (0x4)
                0x0000000010000000                _sccmram = .
 *(.ccmram)
 *(.ccmram*)
                0x0000000010000000                . = ALIGN (0x4)
                0x0000000010000000                _eccmram = .
                0x0000000010000000                . = ALIGN (0x4)

.bss            0x0000000020000030    0x12ce0
                0x0000000020000030                _sbss = .
                0x0000000020000030                __bss_start__ = _sbss
 *(.bss)
 .bss           0x0000000020000030       0x1c /home/michal/.eclipse/com.st.stm32cube.ide.mcu.rcp.product_1.13.1_139062292_linux_gtk_x86_64/plugins/com.st.stm32cube.ide.mcu.externaltools.gnu-tools-for-stm32.11.3.rel1.linux64_1.1.1.202309131626/tools/bin/../lib/gcc/arm-none-eabi/11.3.1/thumb/v7e-m+fp/hard/crtbegin.o
 *(.bss*)
 .bss.rotated_cube
                0x000000002000004c       0x60 ./Core/Src/main.o
                0x000000002000004c                rotated_cube
 .bss.image     0x00000000200000ac    0x12c00 ./Core/Src/main.o
                0x00000000200000ac                image
 .bss.angle     0x0000000020012cac        0x2 ./Core/Src/main.o
                0x0000000020012cac                angle
 *fill*         0x0000000020012cae        0x2 
 .bss.rad       0x0000000020012cb0        0x4 ./Core/Src/main.o
                0x0000000020012cb0                rad
 .bss.hspi1     0x0000000020012cb4       0x58 ./Core/Src/spi.o
                0x0000000020012cb4                hspi1
 .bss.uwTick    0x0000000020012d0c        0x4 ./Drivers/STM32F4xx_HAL_Driver/Src/stm32f4xx_hal.o
                0x0000000020012d0c                uwTick
 *(COMMON)
                0x0000000020012d10                . = ALIGN (0x4)
                0x0000000020012d10                _ebss = .
                0x0000000020012d10                __bss_end__ = _ebss

._user_heap_stack
                0x0000000020012d10      0x600
                0x0000000020012d10                . = ALIGN (0x8)
                [!provide]                        PROVIDE (end = .)
                0x0000000020012d10                PROVIDE (_end = .)
                0x0000000020012f10                . = (. + _Min_Heap_Size)
 *fill*         0x0000000020012d10      0x200 
                0x0000000020013310                . = (. + _Min_Stack_Size)
 *fill*         0x0000000020012f10      0x400 
                0x0000000020013310                . = ALIGN (0x8)

/DISCARD/
 libc.a(*)
 libm.a(*)
 libgcc.a(*)

.ARM.attributes
                0x0000000000000000       0x30
 *(.ARM.attributes)
 .ARM.attributes
                0x0000000000000000       0x1e /home/michal/.eclipse/com.st.stm32cube.ide.mcu.rcp.product_1.13.1_139062292_linux_gtk_x86_64/plugins/com.st.stm32cube.ide.mcu.externaltools.gnu-tools-for-stm32.11.3.rel1.linux64_1.1.1.202309131626/tools/bin/../lib/gcc/arm-none-eabi/11.3.1/thumb/v7e-m+fp/hard/crti.o
 .ARM.attributes
                0x000000000000001e       0x34 /home/michal/.eclipse/com.st.stm32cube.ide.mcu.rcp.product_1.13.1_139062292_linux_gtk_x86_64/plugins/com.st.stm32cube.ide.mcu.externaltools.gnu-tools-for-stm32.11.3.rel1.linux64_1.1.1.202309131626/tools/bin/../lib/gcc/arm-none-eabi/11.3.1/thumb/v7e-m+fp/hard/crtbegin.o
 .ARM.attributes
                0x0000000000000052       0x34 ./Core/Src/gpio.o
 .ARM.attributes
                0x0000000000000086       0x34 ./Core/Src/ili9341.o
 .ARM.attributes
                0x00000000000000ba       0x34 ./Core/Src/main.o
 .ARM.attributes
                0x00000000000000ee       0x34 ./Core/Src/spi.o
 .ARM.attributes
                0x0000000000000122       0x34 ./Core/Src/stm32f4xx_hal_msp.o
 .ARM.attributes
                0x0000000000000156       0x34 ./Core/Src/stm32f4xx_it.o
 .ARM.attributes
                0x000000000000018a       0x34 ./Core/Src/system_stm32f4xx.o
 .ARM.attributes
                0x00000000000001be       0x21 ./Core/Startup/startup_stm32f407vgtx.o
 .ARM.attributes
                0x00000000000001df       0x34 ./Drivers/STM32F4xx_HAL_Driver/Src/stm32f4xx_hal.o
 .ARM.attributes
                0x0000000000000213       0x34 ./Drivers/STM32F4xx_HAL_Driver/Src/stm32f4xx_hal_cortex.o
 .ARM.attributes
                0x0000000000000247       0x34 ./Drivers/STM32F4xx_HAL_Driver/Src/stm32f4xx_hal_gpio.o
 .ARM.attributes
                0x000000000000027b       0x34 ./Drivers/STM32F4xx_HAL_Driver/Src/stm32f4xx_hal_rcc.o
 .ARM.attributes
                0x00000000000002af       0x34 ./Drivers/STM32F4xx_HAL_Driver/Src/stm32f4xx_hal_spi.o
 .ARM.attributes
                0x00000000000002e3       0x34 /home/michal/.eclipse/com.st.stm32cube.ide.mcu.rcp.product_1.13.1_139062292_linux_gtk_x86_64/plugins/com.st.stm32cube.ide.mcu.externaltools.gnu-tools-for-stm32.11.3.rel1.linux64_1.1.1.202309131626/tools/bin/../lib/gcc/arm-none-eabi/11.3.1/../../../../arm-none-eabi/lib/thumb/v7e-m+fp/hard/libc_nano.a(libc_a-memset.o)
 .ARM.attributes
                0x0000000000000317       0x34 /home/michal/.eclipse/com.st.stm32cube.ide.mcu.rcp.product_1.13.1_139062292_linux_gtk_x86_64/plugins/com.st.stm32cube.ide.mcu.externaltools.gnu-tools-for-stm32.11.3.rel1.linux64_1.1.1.202309131626/tools/bin/../lib/gcc/arm-none-eabi/11.3.1/../../../../arm-none-eabi/lib/thumb/v7e-m+fp/hard/libc_nano.a(libc_a-init.o)
 .ARM.attributes
                0x000000000000034b       0x34 /home/michal/.eclipse/com.st.stm32cube.ide.mcu.rcp.product_1.13.1_139062292_linux_gtk_x86_64/plugins/com.st.stm32cube.ide.mcu.externaltools.gnu-tools-for-stm32.11.3.rel1.linux64_1.1.1.202309131626/tools/bin/../lib/gcc/arm-none-eabi/11.3.1/../../../../arm-none-eabi/lib/thumb/v7e-m+fp/hard/libc_nano.a(libc_a-memcpy-stub.o)
 .ARM.attributes
                0x000000000000037f       0x34 /home/michal/.eclipse/com.st.stm32cube.ide.mcu.rcp.product_1.13.1_139062292_linux_gtk_x86_64/plugins/com.st.stm32cube.ide.mcu.externaltools.gnu-tools-for-stm32.11.3.rel1.linux64_1.1.1.202309131626/tools/bin/../lib/gcc/arm-none-eabi/11.3.1/../../../../arm-none-eabi/lib/thumb/v7e-m+fp/hard/libm.a(libm_a-sf_cos.o)
 .ARM.attributes
                0x00000000000003b3       0x34 /home/michal/.eclipse/com.st.stm32cube.ide.mcu.rcp.product_1.13.1_139062292_linux_gtk_x86_64/plugins/com.st.stm32cube.ide.mcu.externaltools.gnu-tools-for-stm32.11.3.rel1.linux64_1.1.1.202309131626/tools/bin/../lib/gcc/arm-none-eabi/11.3.1/../../../../arm-none-eabi/lib/thumb/v7e-m+fp/hard/libm.a(libm_a-sf_sin.o)
 .ARM.attributes
                0x00000000000003e7       0x34 /home/michal/.eclipse/com.st.stm32cube.ide.mcu.rcp.product_1.13.1_139062292_linux_gtk_x86_64/plugins/com.st.stm32cube.ide.mcu.externaltools.gnu-tools-for-stm32.11.3.rel1.linux64_1.1.1.202309131626/tools/bin/../lib/gcc/arm-none-eabi/11.3.1/../../../../arm-none-eabi/lib/thumb/v7e-m+fp/hard/libm.a(libm_a-s_round.o)
 .ARM.attributes
                0x000000000000041b       0x34 /home/michal/.eclipse/com.st.stm32cube.ide.mcu.rcp.product_1.13.1_139062292_linux_gtk_x86_64/plugins/com.st.stm32cube.ide.mcu.externaltools.gnu-tools-for-stm32.11.3.rel1.linux64_1.1.1.202309131626/tools/bin/../lib/gcc/arm-none-eabi/11.3.1/../../../../arm-none-eabi/lib/thumb/v7e-m+fp/hard/libm.a(libm_a-kf_cos.o)
 .ARM.attributes
                0x000000000000044f       0x34 /home/michal/.eclipse/com.st.stm32cube.ide.mcu.rcp.product_1.13.1_139062292_linux_gtk_x86_64/plugins/com.st.stm32cube.ide.mcu.externaltools.gnu-tools-for-stm32.11.3.rel1.linux64_1.1.1.202309131626/tools/bin/../lib/gcc/arm-none-eabi/11.3.1/../../../../arm-none-eabi/lib/thumb/v7e-m+fp/hard/libm.a(libm_a-kf_sin.o)
 .ARM.attributes
                0x0000000000000483       0x34 /home/michal/.eclipse/com.st.stm32cube.ide.mcu.rcp.product_1.13.1_139062292_linux_gtk_x86_64/plugins/com.st.stm32cube.ide.mcu.externaltools.gnu-tools-for-stm32.11.3.rel1.linux64_1.1.1.202309131626/tools/bin/../lib/gcc/arm-none-eabi/11.3.1/../../../../arm-none-eabi/lib/thumb/v7e-m+fp/hard/libm.a(libm_a-ef_rem_pio2.o)
 .ARM.attributes
                0x00000000000004b7       0x34 /home/michal/.eclipse/com.st.stm32cube.ide.mcu.rcp.product_1.13.1_139062292_linux_gtk_x86_64/plugins/com.st.stm32cube.ide.mcu.externaltools.gnu-tools-for-stm32.11.3.rel1.linux64_1.1.1.202309131626/tools/bin/../lib/gcc/arm-none-eabi/11.3.1/../../../../arm-none-eabi/lib/thumb/v7e-m+fp/hard/libm.a(libm_a-sf_fabs.o)
 .ARM.attributes
                0x00000000000004eb       0x34 /home/michal/.eclipse/com.st.stm32cube.ide.mcu.rcp.product_1.13.1_139062292_linux_gtk_x86_64/plugins/com.st.stm32cube.ide.mcu.externaltools.gnu-tools-for-stm32.11.3.rel1.linux64_1.1.1.202309131626/tools/bin/../lib/gcc/arm-none-eabi/11.3.1/../../../../arm-none-eabi/lib/thumb/v7e-m+fp/hard/libm.a(libm_a-kf_rem_pio2.o)
 .ARM.attributes
                0x000000000000051f       0x34 /home/michal/.eclipse/com.st.stm32cube.ide.mcu.rcp.product_1.13.1_139062292_linux_gtk_x86_64/plugins/com.st.stm32cube.ide.mcu.externaltools.gnu-tools-for-stm32.11.3.rel1.linux64_1.1.1.202309131626/tools/bin/../lib/gcc/arm-none-eabi/11.3.1/../../../../arm-none-eabi/lib/thumb/v7e-m+fp/hard/libm.a(libm_a-sf_scalbn.o)
 .ARM.attributes
                0x0000000000000553       0x34 /home/michal/.eclipse/com.st.stm32cube.ide.mcu.rcp.product_1.13.1_139062292_linux_gtk_x86_64/plugins/com.st.stm32cube.ide.mcu.externaltools.gnu-tools-for-stm32.11.3.rel1.linux64_1.1.1.202309131626/tools/bin/../lib/gcc/arm-none-eabi/11.3.1/../../../../arm-none-eabi/lib/thumb/v7e-m+fp/hard/libm.a(libm_a-sf_floor.o)
 .ARM.attributes
                0x0000000000000587       0x1e /home/michal/.eclipse/com.st.stm32cube.ide.mcu.rcp.product_1.13.1_139062292_linux_gtk_x86_64/plugins/com.st.stm32cube.ide.mcu.externaltools.gnu-tools-for-stm32.11.3.rel1.linux64_1.1.1.202309131626/tools/bin/../lib/gcc/arm-none-eabi/11.3.1/thumb/v7e-m+fp/hard/libgcc.a(_arm_addsubdf3.o)
 .ARM.attributes
                0x00000000000005a5       0x1e /home/michal/.eclipse/com.st.stm32cube.ide.mcu.rcp.product_1.13.1_139062292_linux_gtk_x86_64/plugins/com.st.stm32cube.ide.mcu.externaltools.gnu-tools-for-stm32.11.3.rel1.linux64_1.1.1.202309131626/tools/bin/../lib/gcc/arm-none-eabi/11.3.1/thumb/v7e-m+fp/hard/libgcc.a(_arm_muldivdf3.o)
 .ARM.attributes
                0x00000000000005c3       0x1e /home/michal/.eclipse/com.st.stm32cube.ide.mcu.rcp.product_1.13.1_139062292_linux_gtk_x86_64/plugins/com.st.stm32cube.ide.mcu.externaltools.gnu-tools-for-stm32.11.3.rel1.linux64_1.1.1.202309131626/tools/bin/../lib/gcc/arm-none-eabi/11.3.1/thumb/v7e-m+fp/hard/libgcc.a(_arm_fixunsdfsi.o)
 .ARM.attributes
                0x00000000000005e1       0x1e /home/michal/.eclipse/com.st.stm32cube.ide.mcu.rcp.product_1.13.1_139062292_linux_gtk_x86_64/plugins/com.st.stm32cube.ide.mcu.externaltools.gnu-tools-for-stm32.11.3.rel1.linux64_1.1.1.202309131626/tools/bin/../lib/gcc/arm-none-eabi/11.3.1/thumb/v7e-m+fp/hard/libgcc.a(_arm_truncdfsf2.o)
 .ARM.attributes
                0x00000000000005ff       0x1e /home/michal/.eclipse/com.st.stm32cube.ide.mcu.rcp.product_1.13.1_139062292_linux_gtk_x86_64/plugins/com.st.stm32cube.ide.mcu.externaltools.gnu-tools-for-stm32.11.3.rel1.linux64_1.1.1.202309131626/tools/bin/../lib/gcc/arm-none-eabi/11.3.1/thumb/v7e-m+fp/hard/libgcc.a(_aeabi_uldivmod.o)
 .ARM.attributes
                0x000000000000061d       0x34 /home/michal/.eclipse/com.st.stm32cube.ide.mcu.rcp.product_1.13.1_139062292_linux_gtk_x86_64/plugins/com.st.stm32cube.ide.mcu.externaltools.gnu-tools-for-stm32.11.3.rel1.linux64_1.1.1.202309131626/tools/bin/../lib/gcc/arm-none-eabi/11.3.1/thumb/v7e-m+fp/hard/libgcc.a(_udivmoddi4.o)
 .ARM.attributes
                0x0000000000000651       0x1e /home/michal/.eclipse/com.st.stm32cube.ide.mcu.rcp.product_1.13.1_139062292_linux_gtk_x86_64/plugins/com.st.stm32cube.ide.mcu.externaltools.gnu-tools-for-stm32.11.3.rel1.linux64_1.1.1.202309131626/tools/bin/../lib/gcc/arm-none-eabi/11.3.1/thumb/v7e-m+fp/hard/libgcc.a(_dvmd_tls.o)
 .ARM.attributes
                0x000000000000066f       0x1e /home/michal/.eclipse/com.st.stm32cube.ide.mcu.rcp.product_1.13.1_139062292_linux_gtk_x86_64/plugins/com.st.stm32cube.ide.mcu.externaltools.gnu-tools-for-stm32.11.3.rel1.linux64_1.1.1.202309131626/tools/bin/../lib/gcc/arm-none-eabi/11.3.1/thumb/v7e-m+fp/hard/crtn.o
OUTPUT(cube_render.elf elf32-littlearm)
LOAD linker stubs
LOAD /home/michal/.eclipse/com.st.stm32cube.ide.mcu.rcp.product_1.13.1_139062292_linux_gtk_x86_64/plugins/com.st.stm32cube.ide.mcu.externaltools.gnu-tools-for-stm32.11.3.rel1.linux64_1.1.1.202309131626/tools/bin/../lib/gcc/arm-none-eabi/11.3.1/../../../../arm-none-eabi/lib/thumb/v7e-m+fp/hard/libc.a
LOAD /home/michal/.eclipse/com.st.stm32cube.ide.mcu.rcp.product_1.13.1_139062292_linux_gtk_x86_64/plugins/com.st.stm32cube.ide.mcu.externaltools.gnu-tools-for-stm32.11.3.rel1.linux64_1.1.1.202309131626/tools/bin/../lib/gcc/arm-none-eabi/11.3.1/../../../../arm-none-eabi/lib/thumb/v7e-m+fp/hard/libm.a
LOAD /home/michal/.eclipse/com.st.stm32cube.ide.mcu.rcp.product_1.13.1_139062292_linux_gtk_x86_64/plugins/com.st.stm32cube.ide.mcu.externaltools.gnu-tools-for-stm32.11.3.rel1.linux64_1.1.1.202309131626/tools/bin/../lib/gcc/arm-none-eabi/11.3.1/thumb/v7e-m+fp/hard/libgcc.a

.comment        0x0000000000000000       0x86
 .comment       0x0000000000000000       0x43 /home/michal/.eclipse/com.st.stm32cube.ide.mcu.rcp.product_1.13.1_139062292_linux_gtk_x86_64/plugins/com.st.stm32cube.ide.mcu.externaltools.gnu-tools-for-stm32.11.3.rel1.linux64_1.1.1.202309131626/tools/bin/../lib/gcc/arm-none-eabi/11.3.1/thumb/v7e-m+fp/hard/crtbegin.o
                                         0x44 (size before relaxing)
 .comment       0x0000000000000043       0x43 ./Core/Src/gpio.o
                                         0x44 (size before relaxing)
 .comment       0x0000000000000086       0x44 ./Core/Src/ili9341.o
 .comment       0x0000000000000086       0x44 ./Core/Src/main.o
 .comment       0x0000000000000086       0x44 ./Core/Src/spi.o
 .comment       0x0000000000000086       0x44 ./Core/Src/stm32f4xx_hal_msp.o
 .comment       0x0000000000000086       0x44 ./Core/Src/stm32f4xx_it.o
 .comment       0x0000000000000086       0x44 ./Core/Src/system_stm32f4xx.o
 .comment       0x0000000000000086       0x44 ./Drivers/STM32F4xx_HAL_Driver/Src/stm32f4xx_hal.o
 .comment       0x0000000000000086       0x44 ./Drivers/STM32F4xx_HAL_Driver/Src/stm32f4xx_hal_cortex.o
 .comment       0x0000000000000086       0x44 ./Drivers/STM32F4xx_HAL_Driver/Src/stm32f4xx_hal_gpio.o
 .comment       0x0000000000000086       0x44 ./Drivers/STM32F4xx_HAL_Driver/Src/stm32f4xx_hal_rcc.o
 .comment       0x0000000000000086       0x44 ./Drivers/STM32F4xx_HAL_Driver/Src/stm32f4xx_hal_spi.o

.debug_info     0x0000000000000000     0x6a72
 .debug_info    0x0000000000000000      0x459 ./Core/Src/gpio.o
 .debug_info    0x0000000000000459      0xd70 ./Core/Src/ili9341.o
 .debug_info    0x00000000000011c9      0xaa6 ./Core/Src/main.o
 .debug_info    0x0000000000001c6f      0x943 ./Core/Src/spi.o
 .debug_info    0x00000000000025b2      0x27c ./Core/Src/stm32f4xx_hal_msp.o
 .debug_info    0x000000000000282e      0x112 ./Core/Src/stm32f4xx_it.o
 .debug_info    0x0000000000002940      0x512 ./Core/Src/system_stm32f4xx.o
 .debug_info    0x0000000000002e52       0x23 ./Core/Startup/startup_stm32f407vgtx.o
 .debug_info    0x0000000000002e75      0x948 ./Drivers/STM32F4xx_HAL_Driver/Src/stm32f4xx_hal.o
 .debug_info    0x00000000000037bd      0xd46 ./Drivers/STM32F4xx_HAL_Driver/Src/stm32f4xx_hal_cortex.o
 .debug_info    0x0000000000004503      0x6c3 ./Drivers/STM32F4xx_HAL_Driver/Src/stm32f4xx_hal_gpio.o
 .debug_info    0x0000000000004bc6      0x8b1 ./Drivers/STM32F4xx_HAL_Driver/Src/stm32f4xx_hal_rcc.o
 .debug_info    0x0000000000005477     0x15fb ./Drivers/STM32F4xx_HAL_Driver/Src/stm32f4xx_hal_spi.o

.debug_abbrev   0x0000000000000000     0x178a
 .debug_abbrev  0x0000000000000000      0x152 ./Core/Src/gpio.o
 .debug_abbrev  0x0000000000000152      0x27d ./Core/Src/ili9341.o
 .debug_abbrev  0x00000000000003cf      0x2ed ./Core/Src/main.o
 .debug_abbrev  0x00000000000006bc      0x1f3 ./Core/Src/spi.o
 .debug_abbrev  0x00000000000008af       0xf4 ./Core/Src/stm32f4xx_hal_msp.o
 .debug_abbrev  0x00000000000009a3       0x73 ./Core/Src/stm32f4xx_it.o
 .debug_abbrev  0x0000000000000a16      0x11a ./Core/Src/system_stm32f4xx.o
 .debug_abbrev  0x0000000000000b30       0x12 ./Core/Startup/startup_stm32f407vgtx.o
 .debug_abbrev  0x0000000000000b42      0x213 ./Drivers/STM32F4xx_HAL_Driver/Src/stm32f4xx_hal.o
 .debug_abbrev  0x0000000000000d55      0x327 ./Drivers/STM32F4xx_HAL_Driver/Src/stm32f4xx_hal_cortex.o
 .debug_abbrev  0x000000000000107c      0x1d4 ./Drivers/STM32F4xx_HAL_Driver/Src/stm32f4xx_hal_gpio.o
 .debug_abbrev  0x0000000000001250      0x2b6 ./Drivers/STM32F4xx_HAL_Driver/Src/stm32f4xx_hal_rcc.o
 .debug_abbrev  0x0000000000001506      0x284 ./Drivers/STM32F4xx_HAL_Driver/Src/stm32f4xx_hal_spi.o

.debug_aranges  0x0000000000000000      0x6e0
 .debug_aranges
                0x0000000000000000       0x20 ./Core/Src/gpio.o
 .debug_aranges
                0x0000000000000020       0x88 ./Core/Src/ili9341.o
 .debug_aranges
                0x00000000000000a8       0x80 ./Core/Src/main.o
 .debug_aranges
                0x0000000000000128       0x30 ./Core/Src/spi.o
 .debug_aranges
                0x0000000000000158       0x20 ./Core/Src/stm32f4xx_hal_msp.o
 .debug_aranges
                0x0000000000000178       0x60 ./Core/Src/stm32f4xx_it.o
 .debug_aranges
                0x00000000000001d8       0x28 ./Core/Src/system_stm32f4xx.o
 .debug_aranges
                0x0000000000000200       0x28 ./Core/Startup/startup_stm32f407vgtx.o
 .debug_aranges
                0x0000000000000228       0xf0 ./Drivers/STM32F4xx_HAL_Driver/Src/stm32f4xx_hal.o
 .debug_aranges
                0x0000000000000318      0x118 ./Drivers/STM32F4xx_HAL_Driver/Src/stm32f4xx_hal_cortex.o
 .debug_aranges
                0x0000000000000430       0x58 ./Drivers/STM32F4xx_HAL_Driver/Src/stm32f4xx_hal_gpio.o
 .debug_aranges
                0x0000000000000488       0x88 ./Drivers/STM32F4xx_HAL_Driver/Src/stm32f4xx_hal_rcc.o
 .debug_aranges
                0x0000000000000510      0x1d0 ./Drivers/STM32F4xx_HAL_Driver/Src/stm32f4xx_hal_spi.o

.debug_rnglists
                0x0000000000000000      0x51a
 .debug_rnglists
                0x0000000000000000       0x14 ./Core/Src/gpio.o
 .debug_rnglists
                0x0000000000000014       0x67 ./Core/Src/ili9341.o
 .debug_rnglists
                0x000000000000007b       0x65 ./Core/Src/main.o
 .debug_rnglists
                0x00000000000000e0       0x20 ./Core/Src/spi.o
 .debug_rnglists
                0x0000000000000100       0x13 ./Core/Src/stm32f4xx_hal_msp.o
 .debug_rnglists
                0x0000000000000113       0x43 ./Core/Src/stm32f4xx_it.o
 .debug_rnglists
                0x0000000000000156       0x1a ./Core/Src/system_stm32f4xx.o
 .debug_rnglists
                0x0000000000000170       0x19 ./Core/Startup/startup_stm32f407vgtx.o
 .debug_rnglists
                0x0000000000000189       0xaf ./Drivers/STM32F4xx_HAL_Driver/Src/stm32f4xx_hal.o
 .debug_rnglists
                0x0000000000000238       0xce ./Drivers/STM32F4xx_HAL_Driver/Src/stm32f4xx_hal_cortex.o
 .debug_rnglists
                0x0000000000000306       0x3f ./Drivers/STM32F4xx_HAL_Driver/Src/stm32f4xx_hal_gpio.o
 .debug_rnglists
                0x0000000000000345       0x66 ./Drivers/STM32F4xx_HAL_Driver/Src/stm32f4xx_hal_rcc.o
 .debug_rnglists
                0x00000000000003ab      0x16f ./Drivers/STM32F4xx_HAL_Driver/Src/stm32f4xx_hal_spi.o

.debug_macro    0x0000000000000000    0x20467
 .debug_macro   0x0000000000000000      0x1d3 ./Core/Src/gpio.o
 .debug_macro   0x00000000000001d3      0xaa8 ./Core/Src/gpio.o
 .debug_macro   0x0000000000000c7b      0x295 ./Core/Src/gpio.o
 .debug_macro   0x0000000000000f10       0x2e ./Core/Src/gpio.o
 .debug_macro   0x0000000000000f3e       0x2f ./Core/Src/gpio.o
 .debug_macro   0x0000000000000f6d       0x22 ./Core/Src/gpio.o
 .debug_macro   0x0000000000000f8f       0x8e ./Core/Src/gpio.o
 .debug_macro   0x000000000000101d       0x51 ./Core/Src/gpio.o
 .debug_macro   0x000000000000106e      0x103 ./Core/Src/gpio.o
 .debug_macro   0x0000000000001171       0x6a ./Core/Src/gpio.o
 .debug_macro   0x00000000000011db      0x1df ./Core/Src/gpio.o
 .debug_macro   0x00000000000013ba       0x1c ./Core/Src/gpio.o
 .debug_macro   0x00000000000013d6       0x22 ./Core/Src/gpio.o
 .debug_macro   0x00000000000013f8       0xd9 ./Core/Src/gpio.o
 .debug_macro   0x00000000000014d1     0x102d ./Core/Src/gpio.o
 .debug_macro   0x00000000000024fe      0x11f ./Core/Src/gpio.o
 .debug_macro   0x000000000000261d    0x15e82 ./Core/Src/gpio.o
 .debug_macro   0x000000000001849f       0x6d ./Core/Src/gpio.o
 .debug_macro   0x000000000001850c     0x367e ./Core/Src/gpio.o
 .debug_macro   0x000000000001bb8a      0x174 ./Core/Src/gpio.o
 .debug_macro   0x000000000001bcfe       0x5c ./Core/Src/gpio.o
 .debug_macro   0x000000000001bd5a      0x96b ./Core/Src/gpio.o
 .debug_macro   0x000000000001c6c5      0x9fe ./Core/Src/gpio.o
 .debug_macro   0x000000000001d0c3      0x115 ./Core/Src/gpio.o
 .debug_macro   0x000000000001d1d8      0x13e ./Core/Src/gpio.o
 .debug_macro   0x000000000001d316       0xa5 ./Core/Src/gpio.o
 .debug_macro   0x000000000001d3bb      0x174 ./Core/Src/gpio.o
 .debug_macro   0x000000000001d52f      0x287 ./Core/Src/gpio.o
 .debug_macro   0x000000000001d7b6       0x5f ./Core/Src/gpio.o
 .debug_macro   0x000000000001d815      0x236 ./Core/Src/gpio.o
 .debug_macro   0x000000000001da4b      0x12c ./Core/Src/gpio.o
 .debug_macro   0x000000000001db77      0x21e ./Core/Src/gpio.o
 .debug_macro   0x000000000001dd95       0x2e ./Core/Src/gpio.o
 .debug_macro   0x000000000001ddc3      0x11a ./Core/Src/gpio.o
 .debug_macro   0x000000000001dedd       0x7e ./Core/Src/gpio.o
 .debug_macro   0x000000000001df5b       0x89 ./Core/Src/gpio.o
 .debug_macro   0x000000000001dfe4      0x225 ./Core/Src/gpio.o
 .debug_macro   0x000000000001e209      0x12d ./Core/Src/gpio.o
 .debug_macro   0x000000000001e336      0x1b8 ./Core/Src/gpio.o
 .debug_macro   0x000000000001e4ee      0x1dc ./Core/Src/ili9341.o
 .debug_macro   0x000000000001e6ca       0x22 ./Core/Src/ili9341.o
 .debug_macro   0x000000000001e6ec       0xa0 ./Core/Src/ili9341.o
 .debug_macro   0x000000000001e78c      0x2f6 ./Core/Src/main.o
 .debug_macro   0x000000000001ea82       0x61 ./Core/Src/main.o
 .debug_macro   0x000000000001eae3       0x2a ./Core/Src/main.o
 .debug_macro   0x000000000001eb0d       0x43 ./Core/Src/main.o
 .debug_macro   0x000000000001eb50       0x34 ./Core/Src/main.o
 .debug_macro   0x000000000001eb84       0x16 ./Core/Src/main.o
 .debug_macro   0x000000000001eb9a       0x43 ./Core/Src/main.o
 .debug_macro   0x000000000001ebdd       0x34 ./Core/Src/main.o
 .debug_macro   0x000000000001ec11       0x10 ./Core/Src/main.o
 .debug_macro   0x000000000001ec21       0x58 ./Core/Src/main.o
 .debug_macro   0x000000000001ec79       0x8e ./Core/Src/main.o
 .debug_macro   0x000000000001ed07       0x1c ./Core/Src/main.o
 .debug_macro   0x000000000001ed23      0x177 ./Core/Src/main.o
 .debug_macro   0x000000000001ee9a      0x369 ./Core/Src/main.o
 .debug_macro   0x000000000001f203       0x10 ./Core/Src/main.o
 .debug_macro   0x000000000001f213       0x35 ./Core/Src/main.o
 .debug_macro   0x000000000001f248       0x20 ./Core/Src/main.o
 .debug_macro   0x000000000001f268      0x19b ./Core/Src/main.o
 .debug_macro   0x000000000001f403      0x1d3 ./Core/Src/spi.o
 .debug_macro   0x000000000001f5d6      0x1c9 ./Core/Src/stm32f4xx_hal_msp.o
 .debug_macro   0x000000000001f79f      0x1d3 ./Core/Src/stm32f4xx_it.o
 .debug_macro   0x000000000001f972      0x1ba ./Core/Src/system_stm32f4xx.o
 .debug_macro   0x000000000001fb2c      0x21a ./Drivers/STM32F4xx_HAL_Driver/Src/stm32f4xx_hal.o
 .debug_macro   0x000000000001fd46      0x1ba ./Drivers/STM32F4xx_HAL_Driver/Src/stm32f4xx_hal_cortex.o
 .debug_macro   0x000000000001ff00      0x1c0 ./Drivers/STM32F4xx_HAL_Driver/Src/stm32f4xx_hal_gpio.o
 .debug_macro   0x00000000000200c0      0x1de ./Drivers/STM32F4xx_HAL_Driver/Src/stm32f4xx_hal_rcc.o
 .debug_macro   0x000000000002029e      0x1c9 ./Drivers/STM32F4xx_HAL_Driver/Src/stm32f4xx_hal_spi.o

.debug_line     0x0000000000000000     0x832b
 .debug_line    0x0000000000000000      0x727 ./Core/Src/gpio.o
 .debug_line    0x0000000000000727      0xa0e ./Core/Src/ili9341.o
 .debug_line    0x0000000000001135      0xded ./Core/Src/main.o
 .debug_line    0x0000000000001f22      0x6cb ./Core/Src/spi.o
 .debug_line    0x00000000000025ed      0x65b ./Core/Src/stm32f4xx_hal_msp.o
 .debug_line    0x0000000000002c48      0x71c ./Core/Src/stm32f4xx_it.o
 .debug_line    0x0000000000003364      0x6db ./Core/Src/system_stm32f4xx.o
 .debug_line    0x0000000000003a3f       0x7a ./Core/Startup/startup_stm32f407vgtx.o
 .debug_line    0x0000000000003ab9      0x941 ./Drivers/STM32F4xx_HAL_Driver/Src/stm32f4xx_hal.o
 .debug_line    0x00000000000043fa      0xbf0 ./Drivers/STM32F4xx_HAL_Driver/Src/stm32f4xx_hal_cortex.o
 .debug_line    0x0000000000004fea      0xab5 ./Drivers/STM32F4xx_HAL_Driver/Src/stm32f4xx_hal_gpio.o
 .debug_line    0x0000000000005a9f      0xcba ./Drivers/STM32F4xx_HAL_Driver/Src/stm32f4xx_hal_rcc.o
 .debug_line    0x0000000000006759     0x1bd2 ./Drivers/STM32F4xx_HAL_Driver/Src/stm32f4xx_hal_spi.o

.debug_str      0x0000000000000000    0xc23df
 .debug_str     0x0000000000000000    0xbc504 ./Core/Src/gpio.o
                                      0xbc790 (size before relaxing)
 .debug_str     0x00000000000bc504      0x89d ./Core/Src/ili9341.o
                                      0xbc826 (size before relaxing)
 .debug_str     0x00000000000bcda1     0x3cae ./Core/Src/main.o
                                      0xc06eb (size before relaxing)
 .debug_str     0x00000000000c0a4f       0x5b ./Core/Src/spi.o
                                      0xbcc0a (size before relaxing)
 .debug_str     0x00000000000c0aaa       0x49 ./Core/Src/stm32f4xx_hal_msp.o
                                      0xbc6d0 (size before relaxing)
 .debug_str     0x00000000000c0af3       0xc9 ./Core/Src/stm32f4xx_it.o
                                      0xbc639 (size before relaxing)
 .debug_str     0x00000000000c0bbc       0xdb ./Core/Src/system_stm32f4xx.o
                                      0xbc06f (size before relaxing)
 .debug_str     0x00000000000c0c97       0x34 ./Core/Startup/startup_stm32f407vgtx.o
                                         0x6f (size before relaxing)
 .debug_str     0x00000000000c0ccb      0xad6 ./Drivers/STM32F4xx_HAL_Driver/Src/stm32f4xx_hal.o
                                      0xbcbf3 (size before relaxing)
 .debug_str     0x00000000000c17a1      0x354 ./Drivers/STM32F4xx_HAL_Driver/Src/stm32f4xx_hal_cortex.o
                                      0xbc926 (size before relaxing)
 .debug_str     0x00000000000c1af5      0x121 ./Drivers/STM32F4xx_HAL_Driver/Src/stm32f4xx_hal_gpio.o
                                      0xbc1ea (size before relaxing)
 .debug_str     0x00000000000c1c16      0x233 ./Drivers/STM32F4xx_HAL_Driver/Src/stm32f4xx_hal_rcc.o
                                      0xbc4a3 (size before relaxing)
 .debug_str     0x00000000000c1e49      0x596 ./Drivers/STM32F4xx_HAL_Driver/Src/stm32f4xx_hal_spi.o
                                      0xbc933 (size before relaxing)

.debug_frame    0x0000000000000000     0x1d9c
 .debug_frame   0x0000000000000000       0x38 ./Core/Src/gpio.o
 .debug_frame   0x0000000000000038      0x21c ./Core/Src/ili9341.o
 .debug_frame   0x0000000000000254      0x1ec ./Core/Src/main.o
 .debug_frame   0x0000000000000440       0x74 ./Core/Src/spi.o
 .debug_frame   0x00000000000004b4       0x34 ./Core/Src/stm32f4xx_hal_msp.o
 .debug_frame   0x00000000000004e8      0x104 ./Core/Src/stm32f4xx_it.o
 .debug_frame   0x00000000000005ec       0x58 ./Core/Src/system_stm32f4xx.o
 .debug_frame   0x0000000000000644      0x374 ./Drivers/STM32F4xx_HAL_Driver/Src/stm32f4xx_hal.o
 .debug_frame   0x00000000000009b8      0x498 ./Drivers/STM32F4xx_HAL_Driver/Src/stm32f4xx_hal_cortex.o
 .debug_frame   0x0000000000000e50      0x14c ./Drivers/STM32F4xx_HAL_Driver/Src/stm32f4xx_hal_gpio.o
 .debug_frame   0x0000000000000f9c      0x1f4 ./Drivers/STM32F4xx_HAL_Driver/Src/stm32f4xx_hal_rcc.o
 .debug_frame   0x0000000000001190      0x824 ./Drivers/STM32F4xx_HAL_Driver/Src/stm32f4xx_hal_spi.o
 .debug_frame   0x00000000000019b4       0x20 /home/michal/.eclipse/com.st.stm32cube.ide.mcu.rcp.product_1.13.1_139062292_linux_gtk_x86_64/plugins/com.st.stm32cube.ide.mcu.externaltools.gnu-tools-for-stm32.11.3.rel1.linux64_1.1.1.202309131626/tools/bin/../lib/gcc/arm-none-eabi/11.3.1/../../../../arm-none-eabi/lib/thumb/v7e-m+fp/hard/libc_nano.a(libc_a-memset.o)
 .debug_frame   0x00000000000019d4       0x2c /home/michal/.eclipse/com.st.stm32cube.ide.mcu.rcp.product_1.13.1_139062292_linux_gtk_x86_64/plugins/com.st.stm32cube.ide.mcu.externaltools.gnu-tools-for-stm32.11.3.rel1.linux64_1.1.1.202309131626/tools/bin/../lib/gcc/arm-none-eabi/11.3.1/../../../../arm-none-eabi/lib/thumb/v7e-m+fp/hard/libc_nano.a(libc_a-init.o)
 .debug_frame   0x0000000000001a00       0x28 /home/michal/.eclipse/com.st.stm32cube.ide.mcu.rcp.product_1.13.1_139062292_linux_gtk_x86_64/plugins/com.st.stm32cube.ide.mcu.externaltools.gnu-tools-for-stm32.11.3.rel1.linux64_1.1.1.202309131626/tools/bin/../lib/gcc/arm-none-eabi/11.3.1/../../../../arm-none-eabi/lib/thumb/v7e-m+fp/hard/libc_nano.a(libc_a-memcpy-stub.o)
 .debug_frame   0x0000000000001a28       0x38 /home/michal/.eclipse/com.st.stm32cube.ide.mcu.rcp.product_1.13.1_139062292_linux_gtk_x86_64/plugins/com.st.stm32cube.ide.mcu.externaltools.gnu-tools-for-stm32.11.3.rel1.linux64_1.1.1.202309131626/tools/bin/../lib/gcc/arm-none-eabi/11.3.1/../../../../arm-none-eabi/lib/thumb/v7e-m+fp/hard/libm.a(libm_a-sf_cos.o)
 .debug_frame   0x0000000000001a60       0x38 /home/michal/.eclipse/com.st.stm32cube.ide.mcu.rcp.product_1.13.1_139062292_linux_gtk_x86_64/plugins/com.st.stm32cube.ide.mcu.externaltools.gnu-tools-for-stm32.11.3.rel1.linux64_1.1.1.202309131626/tools/bin/../lib/gcc/arm-none-eabi/11.3.1/../../../../arm-none-eabi/lib/thumb/v7e-m+fp/hard/libm.a(libm_a-sf_sin.o)
 .debug_frame   0x0000000000001a98       0x2c /home/michal/.eclipse/com.st.stm32cube.ide.mcu.rcp.product_1.13.1_139062292_linux_gtk_x86_64/plugins/com.st.stm32cube.ide.mcu.externaltools.gnu-tools-for-stm32.11.3.rel1.linux64_1.1.1.202309131626/tools/bin/../lib/gcc/arm-none-eabi/11.3.1/../../../../arm-none-eabi/lib/thumb/v7e-m+fp/hard/libm.a(libm_a-s_round.o)
 .debug_frame   0x0000000000001ac4       0x20 /home/michal/.eclipse/com.st.stm32cube.ide.mcu.rcp.product_1.13.1_139062292_linux_gtk_x86_64/plugins/com.st.stm32cube.ide.mcu.externaltools.gnu-tools-for-stm32.11.3.rel1.linux64_1.1.1.202309131626/tools/bin/../lib/gcc/arm-none-eabi/11.3.1/../../../../arm-none-eabi/lib/thumb/v7e-m+fp/hard/libm.a(libm_a-kf_cos.o)
 .debug_frame   0x0000000000001ae4       0x20 /home/michal/.eclipse/com.st.stm32cube.ide.mcu.rcp.product_1.13.1_139062292_linux_gtk_x86_64/plugins/com.st.stm32cube.ide.mcu.externaltools.gnu-tools-for-stm32.11.3.rel1.linux64_1.1.1.202309131626/tools/bin/../lib/gcc/arm-none-eabi/11.3.1/../../../../arm-none-eabi/lib/thumb/v7e-m+fp/hard/libm.a(libm_a-kf_sin.o)
 .debug_frame   0x0000000000001b04       0x38 /home/michal/.eclipse/com.st.stm32cube.ide.mcu.rcp.product_1.13.1_139062292_linux_gtk_x86_64/plugins/com.st.stm32cube.ide.mcu.externaltools.gnu-tools-for-stm32.11.3.rel1.linux64_1.1.1.202309131626/tools/bin/../lib/gcc/arm-none-eabi/11.3.1/../../../../arm-none-eabi/lib/thumb/v7e-m+fp/hard/libm.a(libm_a-ef_rem_pio2.o)
 .debug_frame   0x0000000000001b3c       0x20 /home/michal/.eclipse/com.st.stm32cube.ide.mcu.rcp.product_1.13.1_139062292_linux_gtk_x86_64/plugins/com.st.stm32cube.ide.mcu.externaltools.gnu-tools-for-stm32.11.3.rel1.linux64_1.1.1.202309131626/tools/bin/../lib/gcc/arm-none-eabi/11.3.1/../../../../arm-none-eabi/lib/thumb/v7e-m+fp/hard/libm.a(libm_a-sf_fabs.o)
 .debug_frame   0x0000000000001b5c       0x5c /home/michal/.eclipse/com.st.stm32cube.ide.mcu.rcp.product_1.13.1_139062292_linux_gtk_x86_64/plugins/com.st.stm32cube.ide.mcu.externaltools.gnu-tools-for-stm32.11.3.rel1.linux64_1.1.1.202309131626/tools/bin/../lib/gcc/arm-none-eabi/11.3.1/../../../../arm-none-eabi/lib/thumb/v7e-m+fp/hard/libm.a(libm_a-kf_rem_pio2.o)
 .debug_frame   0x0000000000001bb8       0x20 /home/michal/.eclipse/com.st.stm32cube.ide.mcu.rcp.product_1.13.1_139062292_linux_gtk_x86_64/plugins/com.st.stm32cube.ide.mcu.externaltools.gnu-tools-for-stm32.11.3.rel1.linux64_1.1.1.202309131626/tools/bin/../lib/gcc/arm-none-eabi/11.3.1/../../../../arm-none-eabi/lib/thumb/v7e-m+fp/hard/libm.a(libm_a-sf_scalbn.o)
 .debug_frame   0x0000000000001bd8       0x20 /home/michal/.eclipse/com.st.stm32cube.ide.mcu.rcp.product_1.13.1_139062292_linux_gtk_x86_64/plugins/com.st.stm32cube.ide.mcu.externaltools.gnu-tools-for-stm32.11.3.rel1.linux64_1.1.1.202309131626/tools/bin/../lib/gcc/arm-none-eabi/11.3.1/../../../../arm-none-eabi/lib/thumb/v7e-m+fp/hard/libm.a(libm_a-sf_floor.o)
 .debug_frame   0x0000000000001bf8       0xac /home/michal/.eclipse/com.st.stm32cube.ide.mcu.rcp.product_1.13.1_139062292_linux_gtk_x86_64/plugins/com.st.stm32cube.ide.mcu.externaltools.gnu-tools-for-stm32.11.3.rel1.linux64_1.1.1.202309131626/tools/bin/../lib/gcc/arm-none-eabi/11.3.1/thumb/v7e-m+fp/hard/libgcc.a(_arm_addsubdf3.o)
 .debug_frame   0x0000000000001ca4       0x50 /home/michal/.eclipse/com.st.stm32cube.ide.mcu.rcp.product_1.13.1_139062292_linux_gtk_x86_64/plugins/com.st.stm32cube.ide.mcu.externaltools.gnu-tools-for-stm32.11.3.rel1.linux64_1.1.1.202309131626/tools/bin/../lib/gcc/arm-none-eabi/11.3.1/thumb/v7e-m+fp/hard/libgcc.a(_arm_muldivdf3.o)
 .debug_frame   0x0000000000001cf4       0x24 /home/michal/.eclipse/com.st.stm32cube.ide.mcu.rcp.product_1.13.1_139062292_linux_gtk_x86_64/plugins/com.st.stm32cube.ide.mcu.externaltools.gnu-tools-for-stm32.11.3.rel1.linux64_1.1.1.202309131626/tools/bin/../lib/gcc/arm-none-eabi/11.3.1/thumb/v7e-m+fp/hard/libgcc.a(_arm_fixunsdfsi.o)
 .debug_frame   0x0000000000001d18       0x24 /home/michal/.eclipse/com.st.stm32cube.ide.mcu.rcp.product_1.13.1_139062292_linux_gtk_x86_64/plugins/com.st.stm32cube.ide.mcu.externaltools.gnu-tools-for-stm32.11.3.rel1.linux64_1.1.1.202309131626/tools/bin/../lib/gcc/arm-none-eabi/11.3.1/thumb/v7e-m+fp/hard/libgcc.a(_arm_truncdfsf2.o)
 .debug_frame   0x0000000000001d3c       0x2c /home/michal/.eclipse/com.st.stm32cube.ide.mcu.rcp.product_1.13.1_139062292_linux_gtk_x86_64/plugins/com.st.stm32cube.ide.mcu.externaltools.gnu-tools-for-stm32.11.3.rel1.linux64_1.1.1.202309131626/tools/bin/../lib/gcc/arm-none-eabi/11.3.1/thumb/v7e-m+fp/hard/libgcc.a(_aeabi_uldivmod.o)
 .debug_frame   0x0000000000001d68       0x34 /home/michal/.eclipse/com.st.stm32cube.ide.mcu.rcp.product_1.13.1_139062292_linux_gtk_x86_64/plugins/com.st.stm32cube.ide.mcu.externaltools.gnu-tools-for-stm32.11.3.rel1.linux64_1.1.1.202309131626/tools/bin/../lib/gcc/arm-none-eabi/11.3.1/thumb/v7e-m+fp/hard/libgcc.a(_udivmoddi4.o)

.debug_line_str
                0x0000000000000000       0x63
 .debug_line_str
                0x0000000000000000       0x63 ./Core/Startup/startup_stm32f407vgtx.o
                                         0x7b (size before relaxing)
