../Core/Src/main.c:124:5:main	8	static
../Core/Src/main.c:202:6:SystemClock_Config	88	static
../Core/Src/main.c:250:6:scale_cube	24	static
../Core/Src/main.c:264:6:project_cube	32	static
../Core/Src/main.c:275:6:clear_display	16	static
../Core/Src/main.c:293:11:dot_matrix	80	static
../Core/Src/main.c:327:6:rotate_cube_x	72	static
../Core/Src/main.c:348:6:rotate_cube_y	72	static
../Core/Src/main.c:369:6:rotate_cube_z	72	static
../Core/Src/main.c:387:6:display_cube	24	static
../Core/Src/main.c:422:6:draw_line	32	static
../Core/Src/main.c:474:7:to_radians	16	static
../Core/Src/main.c:483:6:Error_Handler	4	static,ignoring_inline_asm
